<html>
<body>
<pre>
<h1>礦ision Build Log</h1>
<h2>Tool Versions:</h2>
IDE-Version: μVision V5.14.0.0
Copyright (C) 2015 ARM Ltd and ARM Germany GmbH. All rights reserved.
License Information: liu jizheng, GDUT, LIC=KIV74-FTZLH-VGH7J-UR2ZR-1AVNJ-DED6I
 
Tool Versions:
Toolchain:       MDK-ARM Professional  Version: 5.14.0.0
Toolchain Path:  C:\Keil_v5\ARM\ARMCC\Bin
C Compiler:      Armcc.exe V5.05 update 1 (build 106)
Assembler:       Armasm.exe V5.05 update 1 (build 106)
Linker/Locator:  ArmLink.exe V5.05 update 1 (build 106)
Library Manager: ArmAr.exe V5.05 update 1 (build 106)
Hex Converter:   FromElf.exe V5.05 update 1 (build 106)
CPU DLL:         SARMCM3.DLL V5.14.0.0
Dialog DLL:      DCM.DLL V1.13.1.0
Target DLL:      Segger\JL2CM3.dll V2.99.13.0
Dialog DLL:      TCM.DLL V1.14.4.0
 
<h2>Project:</h2>
C:\Users\Liujizheng\Desktop\4. 使用库函数点亮一个LED\Template.uvprojx
Project File Date:  04/07/2019

<h2>Output:</h2>
Build target 'Target 1'
compiling ad7190.c...
AD7190\ad7190.c(327): warning:  #177-D: variable "buf" was declared but never referenced
        u8 buf[5];
AD7190\ad7190.c(480): warning:  #177-D: variable "Vo" was declared but never referenced
        float Vo;
AD7190\ad7190.c: 2 warnings, 0 errors
linking...
Program Size: Code=8824 RO-data=480 RW-data=52 ZI-data=1044  
FromELF: creating hex file...
".\Obj\Template.axf" - 0 Error(s), 2 Warning(s).

<h2>Collection of Component include folders:</h2>
  C:\Users\Liujizheng\Desktop\4. 使用库函数点亮一个LED\RTE
  C:\Keil_v5\ARM\PACK\Keil\STM32F1xx_DFP\1.0.5\Device\Include

<h2>Collection of Component Files used:</h2>
</pre>
</body>
</html>
