Component: ARM Compiler 5.05 update 1 (build 106) Tool: armlink [4d0efa]

==============================================================================

Section Cross References

    main.o(i.Beat_num) refers to main.o(.data) for i
    main.o(i.Low_pass_filter) refers to dflti.o(.text) for __aeabi_i2d
    main.o(i.Low_pass_filter) refers to dadd.o(.text) for __aeabi_dsub
    main.o(i.Low_pass_filter) refers to dmul.o(.text) for __aeabi_dmul
    main.o(i.Low_pass_filter) refers to dfixi.o(.text) for __aeabi_d2iz
    main.o(i.Low_pass_filter) refers to main.o(.data) for i
    main.o(i.Peak_num) refers to main.o(.data) for i
    main.o(i.main) refers to memcpya.o(.text) for __aeabi_memcpy4
    main.o(i.main) refers to system_stm32f10x.o(i.SystemInit) for SystemInit
    main.o(i.main) refers to delay.o(i.delay_init) for delay_init
    main.o(i.main) refers to misc.o(i.NVIC_PriorityGroupConfig) for NVIC_PriorityGroupConfig
    main.o(i.main) refers to sys.o(i.NVIC_Configuration) for NVIC_Configuration
    main.o(i.main) refers to usart.o(i.USART1_Init) for USART1_Init
    main.o(i.main) refers to bsp_adc.o(i.ADC1_Init) for ADC1_Init
    main.o(i.main) refers to ad7190.o(i.ad7190_Init) for ad7190_Init
    main.o(i.main) refers to delay.o(i.delay_us) for delay_us
    main.o(i.main) refers to bsp_timbase.o(i.TIM2_Configuration) for TIM2_Configuration
    main.o(i.main) refers to bsp_timbase.o(i.TIM2_NVIC_Configuration) for TIM2_NVIC_Configuration
    main.o(i.main) refers to stm32f10x_rcc.o(i.RCC_APB1PeriphClockCmd) for RCC_APB1PeriphClockCmd
    main.o(i.main) refers to usart.o(i.UART5_Init) for UART5_Init
    main.o(i.main) refers to sta_tcpclent_test.o(i.WIFI_ESP8266_Init) for WIFI_ESP8266_Init
    main.o(i.main) refers to printf3.o(i.__0printf$3) for __2printf
    main.o(i.main) refers to delay.o(i.delay_ms) for delay_ms
    main.o(i.main) refers to sta_tcpclent_test.o(i.WIFI_ESP8266_Send_Data) for WIFI_ESP8266_Send_Data
    main.o(i.main) refers to main.o(.constdata) for .constdata
    stm32f10x_it.o(i.TIM2_IRQHandler) refers to stm32f10x_tim.o(i.TIM_GetITStatus) for TIM_GetITStatus
    stm32f10x_it.o(i.TIM2_IRQHandler) refers to stm32f10x_tim.o(i.TIM_ClearITPendingBit) for TIM_ClearITPendingBit
    stm32f10x_it.o(i.TIM2_IRQHandler) refers to main.o(.data) for time
    stm32f10x_it.o(i.UART5_IRQHandler) refers to stm32f10x_usart.o(i.USART_GetITStatus) for USART_GetITStatus
    stm32f10x_it.o(i.UART5_IRQHandler) refers to stm32f10x_usart.o(i.USART_ReceiveData) for USART_ReceiveData
    stm32f10x_it.o(i.UART5_IRQHandler) refers to printf3.o(i.__0printf$3) for __2printf
    stm32f10x_it.o(i.UART5_IRQHandler) refers to strstr.o(.text) for strstr
    stm32f10x_it.o(i.UART5_IRQHandler) refers to sta_tcpclent_test.o(.data) for send_data_time
    stm32f10x_it.o(i.UART5_IRQHandler) refers to esp8266_drive.o(.bss) for ESP8266_Fram_Record_Struct
    startup_stm32f10x_hd.o(RESET) refers to startup_stm32f10x_hd.o(STACK) for __initial_sp
    startup_stm32f10x_hd.o(RESET) refers to startup_stm32f10x_hd.o(.text) for Reset_Handler
    startup_stm32f10x_hd.o(RESET) refers to stm32f10x_it.o(i.NMI_Handler) for NMI_Handler
    startup_stm32f10x_hd.o(RESET) refers to stm32f10x_it.o(i.HardFault_Handler) for HardFault_Handler
    startup_stm32f10x_hd.o(RESET) refers to stm32f10x_it.o(i.MemManage_Handler) for MemManage_Handler
    startup_stm32f10x_hd.o(RESET) refers to stm32f10x_it.o(i.BusFault_Handler) for BusFault_Handler
    startup_stm32f10x_hd.o(RESET) refers to stm32f10x_it.o(i.UsageFault_Handler) for UsageFault_Handler
    startup_stm32f10x_hd.o(RESET) refers to stm32f10x_it.o(i.SVC_Handler) for SVC_Handler
    startup_stm32f10x_hd.o(RESET) refers to stm32f10x_it.o(i.DebugMon_Handler) for DebugMon_Handler
    startup_stm32f10x_hd.o(RESET) refers to stm32f10x_it.o(i.PendSV_Handler) for PendSV_Handler
    startup_stm32f10x_hd.o(RESET) refers to stm32f10x_it.o(i.SysTick_Handler) for SysTick_Handler
    startup_stm32f10x_hd.o(RESET) refers to stm32f10x_it.o(i.TIM2_IRQHandler) for TIM2_IRQHandler
    startup_stm32f10x_hd.o(RESET) refers to usart.o(i.USART1_IRQHandler) for USART1_IRQHandler
    startup_stm32f10x_hd.o(RESET) refers to stm32f10x_it.o(i.UART5_IRQHandler) for UART5_IRQHandler
    startup_stm32f10x_hd.o(.text) refers to system_stm32f10x.o(i.SystemInit) for SystemInit
    startup_stm32f10x_hd.o(.text) refers to entry.o(.ARM.Collect$$$$00000000) for __main
    stm32f10x_gpio.o(i.GPIO_AFIODeInit) refers to stm32f10x_rcc.o(i.RCC_APB2PeriphResetCmd) for RCC_APB2PeriphResetCmd
    stm32f10x_gpio.o(i.GPIO_DeInit) refers to stm32f10x_rcc.o(i.RCC_APB2PeriphResetCmd) for RCC_APB2PeriphResetCmd
    stm32f10x_rcc.o(i.RCC_GetClocksFreq) refers to stm32f10x_rcc.o(.data) for APBAHBPrescTable
    stm32f10x_rcc.o(i.RCC_WaitForHSEStartUp) refers to stm32f10x_rcc.o(i.RCC_GetFlagStatus) for RCC_GetFlagStatus
[...]
    dsqrt.o(.text) refers to llushr.o(.text) for __aeabi_llsr
    dsqrt.o(.text) refers to depilogue.o(.text) for _double_round


==============================================================================

Removing Unused input sections from the image.

    Removing main.o(i.Beat_num), (152 bytes).
    Removing main.o(i.Low_pass_filter), (156 bytes).
    Removing main.o(i.Peak_num), (76 bytes).
    Removing main.o(.bss), (8096 bytes).
    Removing startup_stm32f10x_hd.o(HEAP), (512 bytes).
    Removing stm32f10x_gpio.o(i.GPIO_AFIODeInit), (20 bytes).
    Removing stm32f10x_gpio.o(i.GPIO_DeInit), (200 bytes).
    Removing stm32f10x_gpio.o(i.GPIO_ETH_MediaInterfaceConfig), (12 bytes).
    Removing stm32f10x_gpio.o(i.GPIO_EXTILineConfig), (64 bytes).
    Removing stm32f10x_gpio.o(i.GPIO_EventOutputCmd), (12 bytes).
    Removing stm32f10x_gpio.o(i.GPIO_EventOutputConfig), (32 bytes).
    Removing stm32f10x_gpio.o(i.GPIO_PinLockConfig), (18 bytes).
    Removing stm32f10x_gpio.o(i.GPIO_PinRemapConfig), (144 bytes).
    Removing stm32f10x_gpio.o(i.GPIO_ReadInputData), (8 bytes).
    Removing stm32f10x_gpio.o(i.GPIO_ReadInputDataBit), (18 bytes).
    Removing stm32f10x_gpio.o(i.GPIO_ReadOutputData), (8 bytes).
    Removing stm32f10x_gpio.o(i.GPIO_ReadOutputDataBit), (18 bytes).
    Removing stm32f10x_gpio.o(i.GPIO_StructInit), (16 bytes).
    Removing stm32f10x_gpio.o(i.GPIO_Write), (4 bytes).
    Removing stm32f10x_gpio.o(i.GPIO_WriteBit), (10 bytes).
    Removing stm32f10x_rcc.o(i.RCC_APB1PeriphResetCmd), (32 bytes).
    Removing stm32f10x_rcc.o(i.RCC_APB2PeriphResetCmd), (32 bytes).
    Removing stm32f10x_rcc.o(i.RCC_AdjustHSICalibrationValue), (24 bytes).
    Removing stm32f10x_rcc.o(i.RCC_BackupResetCmd), (12 bytes).
    Removing stm32f10x_rcc.o(i.RCC_ClearFlag), (20 bytes).
    Removing stm32f10x_rcc.o(i.RCC_ClearITPendingBit), (12 bytes).
    Removing stm32f10x_rcc.o(i.RCC_ClockSecuritySystemCmd), (12 bytes).
    Removing stm32f10x_rcc.o(i.RCC_DeInit), (76 bytes).
    Removing stm32f10x_rcc.o(i.RCC_GetFlagStatus), (60 bytes).
    Removing stm32f10x_rcc.o(i.RCC_GetITStatus), (24 bytes).
    Removing stm32f10x_rcc.o(i.RCC_GetSYSCLKSource), (16 bytes).
    Removing stm32f10x_rcc.o(i.RCC_HCLKConfig), (24 bytes).
    Removing stm32f10x_rcc.o(i.RCC_HSEConfig), (76 bytes).
    Removing stm32f10x_rcc.o(i.RCC_HSICmd), (12 bytes).
    Removing stm32f10x_rcc.o(i.RCC_ITConfig), (32 bytes).
    Removing stm32f10x_rcc.o(i.RCC_LSEConfig), (52 bytes).
    Removing stm32f10x_rcc.o(i.RCC_LSICmd), (12 bytes).
    Removing stm32f10x_rcc.o(i.RCC_MCOConfig), (12 bytes).
    Removing stm32f10x_rcc.o(i.RCC_PCLK1Config), (24 bytes).
    Removing stm32f10x_rcc.o(i.RCC_PCLK2Config), (24 bytes).
    Removing stm32f10x_rcc.o(i.RCC_PLLCmd), (12 bytes).
    Removing stm32f10x_rcc.o(i.RCC_PLLConfig), (28 bytes).
    Removing stm32f10x_rcc.o(i.RCC_RTCCLKCmd), (12 bytes).
    Removing stm32f10x_rcc.o(i.RCC_RTCCLKConfig), (16 bytes).
    Removing stm32f10x_rcc.o(i.RCC_SYSCLKConfig), (24 bytes).
    Removing stm32f10x_rcc.o(i.RCC_USBCLKConfig), (12 bytes).
    Removing stm32f10x_rcc.o(i.RCC_WaitForHSEStartUp), (56 bytes).
    Removing misc.o(i.NVIC_SetVectorTable), (20 bytes).
    Removing misc.o(i.NVIC_SystemLPConfig), (32 bytes).
    Removing stm32f10x_exti.o(i.EXTI_ClearFlag), (12 bytes).
    Removing stm32f10x_exti.o(i.EXTI_ClearITPendingBit), (12 bytes).
    Removing stm32f10x_exti.o(i.EXTI_DeInit), (36 bytes).
    Removing stm32f10x_exti.o(i.EXTI_GenerateSWInterrupt), (16 bytes).
    Removing stm32f10x_exti.o(i.EXTI_GetFlagStatus), (24 bytes).
    Removing stm32f10x_exti.o(i.EXTI_GetITStatus), (40 bytes).
    Removing stm32f10x_exti.o(i.EXTI_Init), (148 bytes).
    Removing stm32f10x_exti.o(i.EXTI_StructInit), (16 bytes).
    Removing stm32f10x_usart.o(i.USART_ClearITPendingBit), (30 bytes).
    Removing stm32f10x_usart.o(i.USART_ClockInit), (34 bytes).
    Removing stm32f10x_usart.o(i.USART_ClockStructInit), (12 bytes).
    Removing stm32f10x_usart.o(i.USART_DMACmd), (18 bytes).
    Removing stm32f10x_usart.o(i.USART_DeInit), (156 bytes).
    Removing stm32f10x_usart.o(i.USART_HalfDuplexCmd), (24 bytes).
    Removing stm32f10x_usart.o(i.USART_IrDACmd), (24 bytes).
    Removing stm32f10x_usart.o(i.USART_IrDAConfig), (18 bytes).
    Removing stm32f10x_usart.o(i.USART_LINBreakDetectLengthConfig), (18 bytes).
    Removing stm32f10x_usart.o(i.USART_LINCmd), (24 bytes).
    Removing stm32f10x_usart.o(i.USART_OneBitMethodCmd), (24 bytes).
    Removing stm32f10x_usart.o(i.USART_OverSampling8Cmd), (22 bytes).
    Removing stm32f10x_usart.o(i.USART_ReceiverWakeUpCmd), (24 bytes).
    Removing stm32f10x_usart.o(i.USART_SendBreak), (10 bytes).
    Removing stm32f10x_usart.o(i.USART_SetAddress), (18 bytes).
    Removing stm32f10x_usart.o(i.USART_SetGuardTime), (16 bytes).
    Removing stm32f10x_usart.o(i.USART_SetPrescaler), (16 bytes).
    Removing stm32f10x_usart.o(i.USART_SmartCardCmd), (24 bytes).
    Removing stm32f10x_usart.o(i.USART_SmartCardNACKCmd), (24 bytes).
    Removing stm32f10x_usart.o(i.USART_StructInit), (24 bytes).
    Removing stm32f10x_usart.o(i.USART_WakeUpConfig), (18 bytes).
    Removing stm32f10x_tim.o(i.TI1_Config), (128 bytes).
    Removing stm32f10x_tim.o(i.TI2_Config), (152 bytes).
    Removing stm32f10x_tim.o(i.TI3_Config), (144 bytes).
    Removing stm32f10x_tim.o(i.TI4_Config), (152 bytes).
    Removing stm32f10x_tim.o(i.TIM_ARRPreloadConfig), (24 bytes).
    Removing stm32f10x_tim.o(i.TIM_BDTRConfig), (32 bytes).
    Removing stm32f10x_tim.o(i.TIM_BDTRStructInit), (18 bytes).
    Removing stm32f10x_tim.o(i.TIM_CCPreloadControl), (24 bytes).
    Removing stm32f10x_tim.o(i.TIM_CCxCmd), (30 bytes).
    Removing stm32f10x_tim.o(i.TIM_CCxNCmd), (30 bytes).
    Removing stm32f10x_tim.o(i.TIM_ClearOC1Ref), (18 bytes).
    Removing stm32f10x_tim.o(i.TIM_ClearOC2Ref), (24 bytes).
    Removing stm32f10x_tim.o(i.TIM_ClearOC3Ref), (18 bytes).
    Removing stm32f10x_tim.o(i.TIM_ClearOC4Ref), (24 bytes).
    Removing stm32f10x_tim.o(i.TIM_CounterModeConfig), (18 bytes).
    Removing stm32f10x_tim.o(i.TIM_CtrlPWMOutputs), (30 bytes).
    Removing stm32f10x_tim.o(i.TIM_DMACmd), (18 bytes).
    Removing stm32f10x_tim.o(i.TIM_DMAConfig), (10 bytes).
    Removing stm32f10x_tim.o(i.TIM_DeInit), (488 bytes).
    Removing stm32f10x_tim.o(i.TIM_ETRClockMode1Config), (54 bytes).
    Removing stm32f10x_tim.o(i.TIM_ETRClockMode2Config), (32 bytes).
    Removing stm32f10x_tim.o(i.TIM_ETRConfig), (28 bytes).
    Removing stm32f10x_tim.o(i.TIM_EncoderInterfaceConfig), (66 bytes).
    Removing stm32f10x_tim.o(i.TIM_ForcedOC1Config), (18 bytes).
    Removing stm32f10x_tim.o(i.TIM_ForcedOC2Config), (26 bytes).
    Removing stm32f10x_tim.o(i.TIM_ForcedOC3Config), (18 bytes).
    Removing stm32f10x_tim.o(i.TIM_ForcedOC4Config), (26 bytes).
    Removing stm32f10x_tim.o(i.TIM_GenerateEvent), (4 bytes).
    Removing stm32f10x_tim.o(i.TIM_GetCapture1), (6 bytes).
    Removing stm32f10x_tim.o(i.TIM_GetCapture2), (6 bytes).
    Removing stm32f10x_tim.o(i.TIM_GetCapture3), (6 bytes).
    Removing stm32f10x_tim.o(i.TIM_GetCapture4), (8 bytes).
    Removing stm32f10x_tim.o(i.TIM_GetCounter), (6 bytes).
    Removing stm32f10x_tim.o(i.TIM_GetFlagStatus), (18 bytes).
    Removing stm32f10x_tim.o(i.TIM_GetPrescaler), (6 bytes).
    Removing stm32f10x_tim.o(i.TIM_ICInit), (172 bytes).
    Removing stm32f10x_tim.o(i.TIM_ICStructInit), (18 bytes).
    Removing stm32f10x_tim.o(i.TIM_ITRxExternalClockConfig), (24 bytes).
    Removing stm32f10x_tim.o(i.TIM_InternalClockConfig), (12 bytes).
    Removing stm32f10x_tim.o(i.TIM_OC1FastConfig), (18 bytes).
    Removing stm32f10x_tim.o(i.TIM_OC1Init), (152 bytes).
    Removing stm32f10x_tim.o(i.TIM_OC1NPolarityConfig), (18 bytes).
    Removing stm32f10x_tim.o(i.TIM_OC1PolarityConfig), (18 bytes).
    Removing stm32f10x_tim.o(i.TIM_OC1PreloadConfig), (18 bytes).
    Removing stm32f10x_tim.o(i.TIM_OC2FastConfig), (26 bytes).
    Removing stm32f10x_tim.o(i.TIM_OC2Init), (164 bytes).
    Removing stm32f10x_tim.o(i.TIM_OC2NPolarityConfig), (26 bytes).
    Removing stm32f10x_tim.o(i.TIM_OC2PolarityConfig), (26 bytes).
    Removing stm32f10x_tim.o(i.TIM_OC2PreloadConfig), (26 bytes).
    Removing stm32f10x_tim.o(i.TIM_OC3FastConfig), (18 bytes).
    Removing stm32f10x_tim.o(i.TIM_OC3Init), (160 bytes).
    Removing stm32f10x_tim.o(i.TIM_OC3NPolarityConfig), (26 bytes).
    Removing stm32f10x_tim.o(i.TIM_OC3PolarityConfig), (26 bytes).
    Removing stm32f10x_tim.o(i.TIM_OC3PreloadConfig), (18 bytes).
    Removing stm32f10x_tim.o(i.TIM_OC4FastConfig), (26 bytes).
    Removing stm32f10x_tim.o(i.TIM_OC4Init), (124 bytes).
    Removing stm32f10x_tim.o(i.TIM_OC4PolarityConfig), (26 bytes).
    Removing stm32f10x_tim.o(i.TIM_OC4PreloadConfig), (26 bytes).
    Removing stm32f10x_tim.o(i.TIM_OCStructInit), (20 bytes).
    Removing stm32f10x_tim.o(i.TIM_PWMIConfig), (124 bytes).
    Removing stm32f10x_tim.o(i.TIM_PrescalerConfig), (6 bytes).
    Removing stm32f10x_tim.o(i.TIM_SelectCCDMA), (24 bytes).
    Removing stm32f10x_tim.o(i.TIM_SelectCOM), (24 bytes).
    Removing stm32f10x_tim.o(i.TIM_SelectHallSensor), (24 bytes).
    Removing stm32f10x_tim.o(i.TIM_SelectInputTrigger), (18 bytes).
    Removing stm32f10x_tim.o(i.TIM_SelectMasterSlaveMode), (18 bytes).
    Removing stm32f10x_tim.o(i.TIM_SelectOCxM), (82 bytes).
    Removing stm32f10x_tim.o(i.TIM_SelectOnePulseMode), (18 bytes).
    Removing stm32f10x_tim.o(i.TIM_SelectOutputTrigger), (18 bytes).
    Removing stm32f10x_tim.o(i.TIM_SelectSlaveMode), (18 bytes).
    Removing stm32f10x_tim.o(i.TIM_SetAutoreload), (4 bytes).
    Removing stm32f10x_tim.o(i.TIM_SetClockDivision), (18 bytes).
    Removing stm32f10x_tim.o(i.TIM_SetCompare1), (4 bytes).
    Removing stm32f10x_tim.o(i.TIM_SetCompare2), (4 bytes).
    Removing stm32f10x_tim.o(i.TIM_SetCompare3), (4 bytes).
    Removing stm32f10x_tim.o(i.TIM_SetCompare4), (6 bytes).
    Removing stm32f10x_tim.o(i.TIM_SetCounter), (4 bytes).
    Removing stm32f10x_tim.o(i.TIM_SetIC1Prescaler), (18 bytes).
    Removing stm32f10x_tim.o(i.TIM_SetIC2Prescaler), (26 bytes).
    Removing stm32f10x_tim.o(i.TIM_SetIC3Prescaler), (18 bytes).
    Removing stm32f10x_tim.o(i.TIM_SetIC4Prescaler), (26 bytes).
    Removing stm32f10x_tim.o(i.TIM_TIxExternalClockConfig), (62 bytes).
    Removing stm32f10x_tim.o(i.TIM_TimeBaseStructInit), (18 bytes).
    Removing stm32f10x_tim.o(i.TIM_UpdateDisableConfig), (24 bytes).
    Removing stm32f10x_tim.o(i.TIM_UpdateRequestConfig), (24 bytes).
    Removing stm32f10x_flash.o(i.FLASH_ClearFlag), (12 bytes).
    Removing stm32f10x_flash.o(i.FLASH_EnableWriteProtection), (196 bytes).
    Removing stm32f10x_flash.o(i.FLASH_EraseAllBank1Pages), (72 bytes).
    Removing stm32f10x_flash.o(i.FLASH_EraseAllPages), (72 bytes).
    Removing stm32f10x_flash.o(i.FLASH_EraseOptionBytes), (168 bytes).
    Removing stm32f10x_flash.o(i.FLASH_ErasePage), (76 bytes).
    Removing stm32f10x_flash.o(i.FLASH_GetBank1Status), (52 bytes).
    Removing stm32f10x_flash.o(i.FLASH_GetFlagStatus), (48 bytes).
    Removing stm32f10x_flash.o(i.FLASH_GetPrefetchBufferStatus), (24 bytes).
    Removing stm32f10x_flash.o(i.FLASH_GetReadOutProtectionStatus), (24 bytes).
    Removing stm32f10x_flash.o(i.FLASH_GetStatus), (52 bytes).
    Removing stm32f10x_flash.o(i.FLASH_GetUserOptionByte), (12 bytes).
    Removing stm32f10x_flash.o(i.FLASH_GetWriteProtectionOptionByte), (12 bytes).
    Removing stm32f10x_flash.o(i.FLASH_HalfCycleAccessCmd), (28 bytes).
    Removing stm32f10x_flash.o(i.FLASH_ITConfig), (32 bytes).
    Removing stm32f10x_flash.o(i.FLASH_Lock), (20 bytes).
    Removing stm32f10x_flash.o(i.FLASH_LockBank1), (20 bytes).
    Removing stm32f10x_flash.o(i.FLASH_PrefetchBufferCmd), (28 bytes).
    Removing stm32f10x_flash.o(i.FLASH_ProgramHalfWord), (64 bytes).
    Removing stm32f10x_flash.o(i.FLASH_ProgramOptionByteData), (84 bytes).
    Removing stm32f10x_flash.o(i.FLASH_ProgramWord), (108 bytes).
    Removing stm32f10x_flash.o(i.FLASH_ReadOutProtection), (172 bytes).
    Removing stm32f10x_flash.o(i.FLASH_SetLatency), (24 bytes).
    Removing stm32f10x_flash.o(i.FLASH_Unlock), (24 bytes).
    Removing stm32f10x_flash.o(i.FLASH_UnlockBank1), (24 bytes).
    Removing stm32f10x_flash.o(i.FLASH_UserOptionByteConfig), (104 bytes).
    Removing stm32f10x_flash.o(i.FLASH_WaitForLastBank1Operation), (38 bytes).
    Removing stm32f10x_flash.o(i.FLASH_WaitForLastOperation), (38 bytes).
    Removing system_stm32f10x.o(i.SystemCoreClockUpdate), (164 bytes).
    Removing system_stm32f10x.o(.data), (20 bytes).
    Removing core_cm3.o(.emb_text), (32 bytes).
    Removing stm32f10x_adc.o(i.ADC_AnalogWatchdogCmd), (20 bytes).
    Removing stm32f10x_adc.o(i.ADC_AnalogWatchdogSingleChannelConfig), (16 bytes).
    Removing stm32f10x_adc.o(i.ADC_AnalogWatchdogThresholdsConfig), (6 bytes).
    Removing stm32f10x_adc.o(i.ADC_AutoInjectedConvCmd), (22 bytes).
    Removing stm32f10x_adc.o(i.ADC_ClearFlag), (6 bytes).
    Removing stm32f10x_adc.o(i.ADC_ClearITPendingBit), (10 bytes).
    Removing stm32f10x_adc.o(i.ADC_DeInit), (92 bytes).
    Removing stm32f10x_adc.o(i.ADC_DiscModeChannelCountConfig), (24 bytes).
    Removing stm32f10x_adc.o(i.ADC_DiscModeCmd), (22 bytes).
    Removing stm32f10x_adc.o(i.ADC_ExternalTrigConvCmd), (22 bytes).
    Removing stm32f10x_adc.o(i.ADC_ExternalTrigInjectedConvCmd), (22 bytes).
    Removing stm32f10x_adc.o(i.ADC_ExternalTrigInjectedConvConfig), (16 bytes).
    Removing stm32f10x_adc.o(i.ADC_GetConversionValue), (8 bytes).
    Removing stm32f10x_adc.o(i.ADC_GetDualModeConversionValue), (12 bytes).
    Removing stm32f10x_adc.o(i.ADC_GetFlagStatus), (18 bytes).
    Removing stm32f10x_adc.o(i.ADC_GetITStatus), (36 bytes).
    Removing stm32f10x_adc.o(i.ADC_GetInjectedConversionValue), (28 bytes).
    Removing stm32f10x_adc.o(i.ADC_GetSoftwareStartConvStatus), (20 bytes).
    Removing stm32f10x_adc.o(i.ADC_GetSoftwareStartInjectedConvCmdStatus), (20 bytes).
    Removing stm32f10x_adc.o(i.ADC_ITConfig), (24 bytes).
    Removing stm32f10x_adc.o(i.ADC_InjectedChannelConfig), (130 bytes).
    Removing stm32f10x_adc.o(i.ADC_InjectedDiscModeCmd), (22 bytes).
    Removing stm32f10x_adc.o(i.ADC_InjectedSequencerLengthConfig), (24 bytes).
    Removing stm32f10x_adc.o(i.ADC_SetInjectedOffset), (20 bytes).
    Removing stm32f10x_adc.o(i.ADC_SoftwareStartInjectedConvCmd), (22 bytes).
    Removing stm32f10x_adc.o(i.ADC_StructInit), (18 bytes).
    Removing stm32f10x_adc.o(i.ADC_TempSensorVrefintCmd), (36 bytes).
    Removing stm32f10x_dma.o(i.DMA_ClearFlag), (28 bytes).
    Removing stm32f10x_dma.o(i.DMA_ClearITPendingBit), (28 bytes).
    Removing stm32f10x_dma.o(i.DMA_GetCurrDataCounter), (8 bytes).
    Removing stm32f10x_dma.o(i.DMA_GetFlagStatus), (44 bytes).
    Removing stm32f10x_dma.o(i.DMA_GetITStatus), (44 bytes).
    Removing stm32f10x_dma.o(i.DMA_ITConfig), (18 bytes).
    Removing stm32f10x_dma.o(i.DMA_SetCurrDataCounter), (4 bytes).
    Removing stm32f10x_dma.o(i.DMA_StructInit), (26 bytes).
    Removing led.o(i.LED_Init), (52 bytes).
    Removing stmflash.o(i.STMFLASH_Read), (34 bytes).
    Removing stmflash.o(i.STMFLASH_ReadHalfWord), (6 bytes).
    Removing stmflash.o(i.STMFLASH_Write), (232 bytes).
    Removing stmflash.o(i.STMFLASH_Write_NoCheck), (38 bytes).
    Removing stmflash.o(i.Test_Write), (16 bytes).
    Removing stmflash.o(.bss), (1024 bytes).
    Removing weight_manage.o(i.AdcGroupRead), (44 bytes).
    Removing weight_manage.o(i.AveWeightDataGet), (464 bytes).
    Removing weight_manage.o(i.InsertSort), (190 bytes).
    Removing weight_manage.o(i.ReadGramInfo), (192 bytes).
    Removing weight_manage.o(i.SaveGramInfo), (76 bytes).
    Removing weight_manage.o(.bss), (616 bytes).
    Removing weight_manage.o(.data), (12 bytes).
    Removing esp8266_drive.o(i.ESP8266_BuildAP), (68 bytes).
    Removing esp8266_drive.o(i.ESP8266_Get_LinkStatus), (124 bytes).
    Removing esp8266_drive.o(i.ESP8266_ServeAP), (96 bytes).
    Removing esp8266_drive.o(i.ESP8266_Server_SendData), (68 bytes).
    Removing ad7190.o(i.ADC_Num), (30 bytes).
    Removing ad7190.o(i.ADC_Votage), (64 bytes).
    Removing ad7190.o(i.GET_AD7190), (80 bytes).
    Removing ad7190.o(i.GET_AD7190_1), (44 bytes).
    Removing fmul.o(.text), (100 bytes).
    Removing fdiv.o(.text), (124 bytes).
    Removing fflti.o(.text), (18 bytes).
    Removing ffltui.o(.text), (10 bytes).
    Removing ffixi.o(.text), (50 bytes).
    Removing dfixi.o(.text), (62 bytes).
    Removing cfcmple.o(.text), (20 bytes).
    Removing cfrcmple.o(.text), (20 bytes).
    Removing fepilogue.o(.text), (110 bytes).
    Removing dfixul.o(.text), (48 bytes).
    Removing cdcmple.o(.text), (48 bytes).

262 unused section(s) (total 21730 bytes) removed from the image.

==============================================================================

Image Symbol Table

    Local Symbols

    Symbol Name                              Value     Ov Type        Size  Object(Section)

    ../clib/microlib/division.c              0x00000000   Number         0  uidiv.o ABSOLUTE
    ../clib/microlib/division.c              0x00000000   Number         0  uldiv.o ABSOLUTE
    ../clib/microlib/errno.c                 0x00000000   Number         0  errno.o ABSOLUTE
    ../clib/microlib/init/entry.s            0x00000000   Number         0  entry10a.o ABSOLUTE
    ../clib/microlib/init/entry.s            0x00000000   Number         0  entry9a.o ABSOLUTE
    ../clib/microlib/init/entry.s            0x00000000   Number         0  entry2.o ABSOLUTE
    ../clib/microlib/init/entry.s            0x00000000   Number         0  entry8b.o ABSOLUTE
    ../clib/microlib/init/entry.s            0x00000000   Number         0  entry5.o ABSOLUTE
    ../clib/microlib/init/entry.s            0x00000000   Number         0  entry11b.o ABSOLUTE
    ../clib/microlib/init/entry.s            0x00000000   Number         0  entry.o ABSOLUTE
    ../clib/microlib/init/entry.s            0x00000000   Number         0  entry9b.o ABSOLUTE
    ../clib/microlib/init/entry.s            0x00000000   Number         0  entry11a.o ABSOLUTE
    ../clib/microlib/init/entry.s            0x00000000   Number         0  entry10b.o ABSOLUTE
    ../clib/microlib/init/entry.s            0x00000000   Number         0  entry7a.o ABSOLUTE
    ../clib/microlib/init/entry.s            0x00000000   Number         0  entry8a.o ABSOLUTE
    ../clib/microlib/init/entry.s            0x00000000   Number         0  entry7b.o ABSOLUTE
    ../clib/microlib/longlong.c              0x00000000   Number         0  llshl.o ABSOLUTE
    ../clib/microlib/longlong.c              0x00000000   Number         0  llushr.o ABSOLUTE
    ../clib/microlib/longlong.c              0x00000000   Number         0  llsshr.o ABSOLUTE
    ../clib/microlib/printf/printf.c         0x00000000   Number         0  printf4.o ABSOLUTE
    ../clib/microlib/printf/printf.c         0x00000000   Number         0  printf5.o ABSOLUTE
    ../clib/microlib/printf/printf.c         0x00000000   Number         0  printf6.o ABSOLUTE
    ../clib/microlib/printf/printf.c         0x00000000   Number         0  printf7.o ABSOLUTE
    ../clib/microlib/printf/printf.c         0x00000000   Number         0  printfa.o ABSOLUTE
    ../clib/microlib/printf/printf.c         0x00000000   Number         0  printf8.o ABSOLUTE
    ../clib/microlib/printf/printf.c         0x00000000   Number         0  printf2.o ABSOLUTE
    ../clib/microlib/printf/printf.c         0x00000000   Number         0  printf1.o ABSOLUTE
    ../clib/microlib/printf/printf.c         0x00000000   Number         0  printf0.o ABSOLUTE
    ../clib/microlib/printf/printf.c         0x00000000   Number         0  printf3.o ABSOLUTE
    ../clib/microlib/printf/printf.c         0x00000000   Number         0  printfb.o ABSOLUTE
    ../clib/microlib/printf/stubs.s          0x00000000   Number         0  stubs.o ABSOLUTE
    ../clib/microlib/stdio/streams.c         0x00000000   Number         0  stdout.o ABSOLUTE
    ../clib/microlib/string/memcpy.c         0x00000000   Number         0  memcpyb.o ABSOLUTE
    ../clib/microlib/string/memcpy.c         0x00000000   Number         0  memcpya.o ABSOLUTE
    ../clib/microlib/string/memset.c         0x00000000   Number         0  memseta.o ABSOLUTE
    ../clib/microlib/string/strstr.c         0x00000000   Number         0  strstr.o ABSOLUTE
    ../clib/microlib/stubs.s                 0x00000000   Number         0  iusefp.o ABSOLUTE
    ../fplib/microlib/fpadd.c                0x00000000   Number         0  dadd.o ABSOLUTE
    ../fplib/microlib/fpdiv.c                0x00000000   Number         0  fdiv.o ABSOLUTE
    ../fplib/microlib/fpdiv.c                0x00000000   Number         0  ddiv.o ABSOLUTE
    ../fplib/microlib/fpepilogue.c           0x00000000   Number         0  fepilogue.o ABSOLUTE
    ../fplib/microlib/fpepilogue.c           0x00000000   Number         0  depilogue.o ABSOLUTE
    ../fplib/microlib/fpfix.c                0x00000000   Number         0  dfixui.o ABSOLUTE
    ../fplib/microlib/fpfix.c                0x00000000   Number         0  ffixi.o ABSOLUTE
    ../fplib/microlib/fpfix.c                0x00000000   Number         0  dfixi.o ABSOLUTE
    ../fplib/microlib/fpfix.c                0x00000000   Number         0  dfixul.o ABSOLUTE
    ../fplib/microlib/fpflt.c                0x00000000   Number         0  dfltui.o ABSOLUTE
    ../fplib/microlib/fpflt.c                0x00000000   Number         0  fflti.o ABSOLUTE
    ../fplib/microlib/fpflt.c                0x00000000   Number         0  ffltui.o ABSOLUTE
    ../fplib/microlib/fpflt.c                0x00000000   Number         0  dflti.o ABSOLUTE
    ../fplib/microlib/fpmul.c                0x00000000   Number         0  fmul.o ABSOLUTE
    ../fplib/microlib/fpmul.c                0x00000000   Number         0  dmul.o ABSOLUTE
    ../fplib/microlib/fpscalb.c              0x00000000   Number         0  dscalb.o ABSOLUTE
    ../fplib/microlib/fpsqrt.c               0x00000000   Number         0  dsqrt.o ABSOLUTE
    ../mathlib/dunder.c                      0x00000000   Number         0  dunder.o ABSOLUTE
    ../mathlib/fpclassify.c                  0x00000000   Number         0  fpclassify.o ABSOLUTE
    ../mathlib/poly.c                        0x00000000   Number         0  poly.o ABSOLUTE
    ../mathlib/pow.c                         0x00000000   Number         0  pow_x.o ABSOLUTE
    ../mathlib/pow.c                         0x00000000   Number         0  pow.o ABSOLUTE
    ../mathlib/qnan.c                        0x00000000   Number         0  qnan.o ABSOLUTE
    ../mathlib/sqrt.c                        0x00000000   Number         0  sqrt_x.o ABSOLUTE
    ../mathlib/sqrt.c                        0x00000000   Number         0  sqrt.o ABSOLUTE
    AD7190\ad7190.c                          0x00000000   Number         0  ad7190.o ABSOLUTE
    AD7190\weight_manage.c                   0x00000000   Number         0  weight_manage.o ABSOLUTE
    APP\led\led.c                            0x00000000   Number         0  led.o ABSOLUTE
    Libraries\CMSIS\core_cm3.c               0x00000000   Number         0  core_cm3.o ABSOLUTE
    Libraries\CMSIS\startup_stm32f10x_hd.s   0x00000000   Number         0  startup_stm32f10x_hd.o ABSOLUTE
    Libraries\CMSIS\system_stm32f10x.c       0x00000000   Number         0  system_stm32f10x.o ABSOLUTE
    Libraries\STM32F10x_StdPeriph_Driver\src\misc.c 0x00000000   Number         0  misc.o ABSOLUTE
    Libraries\STM32F10x_StdPeriph_Driver\src\stm32f10x_adc.c 0x00000000   Number         0  stm32f10x_adc.o ABSOLUTE
    Libraries\STM32F10x_StdPeriph_Driver\src\stm32f10x_dma.c 0x00000000   Number         0  stm32f10x_dma.o ABSOLUTE
    Libraries\STM32F10x_StdPeriph_Driver\src\stm32f10x_exti.c 0x00000000   Number         0  stm32f10x_exti.o ABSOLUTE
    Libraries\STM32F10x_StdPeriph_Driver\src\stm32f10x_flash.c 0x00000000   Number         0  stm32f10x_flash.o ABSOLUTE
    Libraries\STM32F10x_StdPeriph_Driver\src\stm32f10x_gpio.c 0x00000000   Number         0  stm32f10x_gpio.o ABSOLUTE
    Libraries\STM32F10x_StdPeriph_Driver\src\stm32f10x_rcc.c 0x00000000   Number         0  stm32f10x_rcc.o ABSOLUTE
    Libraries\STM32F10x_StdPeriph_Driver\src\stm32f10x_tim.c 0x00000000   Number         0  stm32f10x_tim.o ABSOLUTE
    Libraries\STM32F10x_StdPeriph_Driver\src\stm32f10x_usart.c 0x00000000   Number         0  stm32f10x_usart.o ABSOLUTE
    Libraries\\CMSIS\\core_cm3.c             0x00000000   Number         0  core_cm3.o ABSOLUTE
    Public\bsp_TiMbase.c                     0x00000000   Number         0  bsp_timbase.o ABSOLUTE
    Public\bsp_adc.c                         0x00000000   Number         0  bsp_adc.o ABSOLUTE
    Public\delay.c                           0x00000000   Number         0  delay.o ABSOLUTE
    Public\esp8266_drive.c                   0x00000000   Number         0  esp8266_drive.o ABSOLUTE
    Public\esp8266_public.c                  0x00000000   Number         0  esp8266_public.o ABSOLUTE
    Public\sta_tcpclent_test.c               0x00000000   Number         0  sta_tcpclent_test.o ABSOLUTE
    Public\stmflash.c                        0x00000000   Number         0  stmflash.o ABSOLUTE
    Public\sys.c                             0x00000000   Number         0  sys.o ABSOLUTE
    Public\system.c                          0x00000000   Number         0  system.o ABSOLUTE
    Public\usart.c                           0x00000000   Number         0  usart.o ABSOLUTE
    User\main.c                              0x00000000   Number         0  main.o ABSOLUTE
    User\stm32f10x_it.c                      0x00000000   Number         0  stm32f10x_it.o ABSOLUTE
    cdcmple.s                                0x00000000   Number         0  cdcmple.o ABSOLUTE
    cdrcmple.s                               0x00000000   Number         0  cdrcmple.o ABSOLUTE
    cfcmple.s                                0x00000000   Number         0  cfcmple.o ABSOLUTE
    cfrcmple.s                               0x00000000   Number         0  cfrcmple.o ABSOLUTE
    dc.s                                     0x00000000   Number         0  dc.o ABSOLUTE
    handlers.s                               0x00000000   Number         0  handlers.o ABSOLUTE
    init.s                                   0x00000000   Number         0  init.o ABSOLUTE
    RESET                                    0x08000000   Section      304  startup_stm32f10x_hd.o(RESET)
    .ARM.Collect$$$$00000000                 0x08000130   Section        0  entry.o(.ARM.Collect$$$$00000000)
    .ARM.Collect$$$$00000001                 0x08000130   Section        4  entry2.o(.ARM.Collect$$$$00000001)
    .ARM.Collect$$$$00000004                 0x08000134   Section        4  entry5.o(.ARM.Collect$$$$00000004)
    .ARM.Collect$$$$00000008                 0x08000138   Section        0  entry7b.o(.ARM.Collect$$$$00000008)
    .ARM.Collect$$$$0000000A                 0x08000138   Section        0  entry8b.o(.ARM.Collect$$$$0000000A)
    .ARM.Collect$$$$0000000B                 0x08000138   Section        8  entry9a.o(.ARM.Collect$$$$0000000B)
    .ARM.Collect$$$$0000000D                 0x08000140   Section        0  entry10a.o(.ARM.Collect$$$$0000000D)
    .ARM.Collect$$$$0000000F                 0x08000140   Section        0  entry11a.o(.ARM.Collect$$$$0000000F)
    .ARM.Collect$$$$00002712                 0x08000140   Section        4  entry2.o(.ARM.Collect$$$$00002712)
    __lit__00000000                          0x08000140   Data           4  entry2.o(.ARM.Collect$$$$00002712)
    .text                                    0x08000144   Section       36  startup_stm32f10x_hd.o(.text)
    .text                                    0x08000168   Section        0  memcpya.o(.text)
    .text                                    0x0800018c   Section        0  memseta.o(.text)
    .text                                    0x080001b0   Section        0  strstr.o(.text)
    .text                                    0x080001d4   Section        0  dadd.o(.text)
    .text                                    0x08000322   Section        0  dmul.o(.text)
    .text                                    0x08000406   Section        0  dflti.o(.text)
    .text                                    0x08000428   Section        0  dfltui.o(.text)
    .text                                    0x08000442   Section        0  dfixui.o(.text)
    .text                                    0x08000474   Section        0  uidiv.o(.text)
    .text                                    0x080004a0   Section        0  llshl.o(.text)
    .text                                    0x080004be   Section        0  llushr.o(.text)
    .text                                    0x080004de   Section        0  llsshr.o(.text)
    .text                                    0x08000502   Section        0  iusefp.o(.text)
    .text                                    0x08000502   Section        0  depilogue.o(.text)
    .text                                    0x080005bc   Section        0  ddiv.o(.text)
    .text                                    0x0800069a   Section        0  dscalb.o(.text)
    .text                                    0x080006c8   Section       48  cdrcmple.o(.text)
    .text                                    0x080006f8   Section       36  init.o(.text)
    .text                                    0x0800071c   Section        0  dsqrt.o(.text)
    i.AD7190_Config_Set                      0x080007c0   Section        0  ad7190.o(i.AD7190_Config_Set)
    i.AD7190_Connect_Set                     0x08000864   Section        0  ad7190.o(i.AD7190_Connect_Set)
    i.AD7190_Init                            0x08000884   Section        0  ad7190.o(i.AD7190_Init)
    i.AD7190_Mode_Set                        0x080008fa   Section        0  ad7190.o(i.AD7190_Mode_Set)
    i.ADC1_GPIO_Config                       0x08000970   Section        0  bsp_adc.o(i.ADC1_GPIO_Config)
    ADC1_GPIO_Config                         0x08000971   Thumb Code    50  bsp_adc.o(i.ADC1_GPIO_Config)
    i.ADC1_Init                              0x080009a8   Section        0  bsp_adc.o(i.ADC1_Init)
    i.ADC1_Mode_Config                       0x080009b4   Section        0  bsp_adc.o(i.ADC1_Mode_Config)
    ADC1_Mode_Config                         0x080009b5   Thumb Code   208  bsp_adc.o(i.ADC1_Mode_Config)
    i.ADC_Cmd                                0x08000a90   Section        0  stm32f10x_adc.o(i.ADC_Cmd)
    i.ADC_DMACmd                             0x08000aa6   Section        0  stm32f10x_adc.o(i.ADC_DMACmd)
    i.ADC_GetCalibrationStatus               0x08000abc   Section        0  stm32f10x_adc.o(i.ADC_GetCalibrationStatus)
    i.ADC_GetResetCalibrationStatus          0x08000ad0   Section        0  stm32f10x_adc.o(i.ADC_GetResetCalibrationStatus)
    i.ADC_Init                               0x08000ae4   Section        0  stm32f10x_adc.o(i.ADC_Init)
    i.ADC_RegularChannelConfig               0x08000b34   Section        0  stm32f10x_adc.o(i.ADC_RegularChannelConfig)
    i.ADC_ResetCalibration                   0x08000bec   Section        0  stm32f10x_adc.o(i.ADC_ResetCalibration)
    i.ADC_SoftwareStartConvCmd               0x08000bf6   Section        0  stm32f10x_adc.o(i.ADC_SoftwareStartConvCmd)
    i.ADC_StartCalibration                   0x08000c0c   Section        0  stm32f10x_adc.o(i.ADC_StartCalibration)
    i.BusFault_Handler                       0x08000c16   Section        0  stm32f10x_it.o(i.BusFault_Handler)
    i.DMA_Cmd                                0x08000c1a   Section        0  stm32f10x_dma.o(i.DMA_Cmd)
    i.DMA_DeInit                             0x08000c34   Section        0  stm32f10x_dma.o(i.DMA_DeInit)
    i.DMA_Init                               0x08000d80   Section        0  stm32f10x_dma.o(i.DMA_Init)
    i.DebugMon_Handler                       0x08000dbc   Section        0  stm32f10x_it.o(i.DebugMon_Handler)
    i.ESP8266_AT_Test                        0x08000dc0   Section        0  esp8266_drive.o(i.ESP8266_AT_Test)
    i.ESP8266_Enable_MultipleId              0x08000e04   Section        0  esp8266_drive.o(i.ESP8266_Enable_MultipleId)
    i.ESP8266_ExitUnvarnishSend              0x08000e44   Section        0  esp8266_drive.o(i.ESP8266_ExitUnvarnishSend)
    i.ESP8266_Init                           0x08000e68   Section        0  esp8266_drive.o(i.ESP8266_Init)
    i.ESP8266_JoinAP                         0x08000eb8   Section        0  esp8266_drive.o(i.ESP8266_JoinAP)
    i.ESP8266_Link_Server                    0x08000ef8   Section        0  esp8266_drive.o(i.ESP8266_Link_Server)
    i.ESP8266_Net_Mode_Choose                0x08000fb8   Section        0  esp8266_drive.o(i.ESP8266_Net_Mode_Choose)
    i.ESP8266_Rst                            0x08001030   Section        0  esp8266_drive.o(i.ESP8266_Rst)
    i.ESP8266_SendString                     0x08001050   Section        0  esp8266_drive.o(i.ESP8266_SendString)
    i.ESP8266_Send_AT_Cmd                    0x080010f0   Section        0  esp8266_drive.o(i.ESP8266_Send_AT_Cmd)
    i.ESP8266_UnvarnishSend                  0x080011a8   Section        0  esp8266_drive.o(i.ESP8266_UnvarnishSend)
    i.GPIO_Init                              0x080011f4   Section        0  stm32f10x_gpio.o(i.GPIO_Init)
    i.GPIO_ResetBits                         0x0800130a   Section        0  stm32f10x_gpio.o(i.GPIO_ResetBits)
    i.GPIO_SetBits                           0x0800130e   Section        0  stm32f10x_gpio.o(i.GPIO_SetBits)
    i.HardFault_Handler                      0x08001312   Section        0  stm32f10x_it.o(i.HardFault_Handler)
    i.MemManage_Handler                      0x08001316   Section        0  stm32f10x_it.o(i.MemManage_Handler)
    i.NMI_Handler                            0x0800131a   Section        0  stm32f10x_it.o(i.NMI_Handler)
    i.NVIC_Configuration                     0x0800131c   Section        0  sys.o(i.NVIC_Configuration)
    i.NVIC_Init                              0x08001348   Section        0  misc.o(i.NVIC_Init)
    i.NVIC_PriorityGroupConfig               0x080013b8   Section        0  misc.o(i.NVIC_PriorityGroupConfig)
    i.PendSV_Handler                         0x080013cc   Section        0  stm32f10x_it.o(i.PendSV_Handler)
    i.RCC_ADCCLKConfig                       0x080013d0   Section        0  stm32f10x_rcc.o(i.RCC_ADCCLKConfig)
    i.RCC_AHBPeriphClockCmd                  0x080013e8   Section        0  stm32f10x_rcc.o(i.RCC_AHBPeriphClockCmd)
    i.RCC_APB1PeriphClockCmd                 0x08001408   Section        0  stm32f10x_rcc.o(i.RCC_APB1PeriphClockCmd)
    i.RCC_APB2PeriphClockCmd                 0x08001428   Section        0  stm32f10x_rcc.o(i.RCC_APB2PeriphClockCmd)
    i.RCC_GetClocksFreq                      0x08001448   Section        0  stm32f10x_rcc.o(i.RCC_GetClocksFreq)
    i.ReadFromAD7190                         0x0800151c   Section        0  ad7190.o(i.ReadFromAD7190)
    i.SVC_Handler                            0x080015b8   Section        0  stm32f10x_it.o(i.SVC_Handler)
    i.SetSysClock                            0x080015ba   Section        0  system_stm32f10x.o(i.SetSysClock)
    SetSysClock                              0x080015bb   Thumb Code     8  system_stm32f10x.o(i.SetSysClock)
    i.SetSysClockTo72                        0x080015c4   Section        0  system_stm32f10x.o(i.SetSysClockTo72)
    SetSysClockTo72                          0x080015c5   Thumb Code   214  system_stm32f10x.o(i.SetSysClockTo72)
    i.SysTick_CLKSourceConfig                0x080016a4   Section        0  misc.o(i.SysTick_CLKSourceConfig)
    i.SysTick_Handler                        0x080016cc   Section        0  stm32f10x_it.o(i.SysTick_Handler)
    i.SystemInit                             0x080016d0   Section        0  system_stm32f10x.o(i.SystemInit)
    i.TIM2_Configuration                     0x08001730   Section        0  bsp_timbase.o(i.TIM2_Configuration)
    i.TIM2_IRQHandler                        0x08001780   Section        0  stm32f10x_it.o(i.TIM2_IRQHandler)
    i.TIM2_NVIC_Configuration                0x080017a4   Section        0  bsp_timbase.o(i.TIM2_NVIC_Configuration)
    i.TIM_ClearFlag                          0x080017ce   Section        0  stm32f10x_tim.o(i.TIM_ClearFlag)
    i.TIM_ClearITPendingBit                  0x080017d4   Section        0  stm32f10x_tim.o(i.TIM_ClearITPendingBit)
    i.TIM_Cmd                                0x080017da   Section        0  stm32f10x_tim.o(i.TIM_Cmd)
    i.TIM_GetITStatus                        0x080017f2   Section        0  stm32f10x_tim.o(i.TIM_GetITStatus)
    i.TIM_ITConfig                           0x08001814   Section        0  stm32f10x_tim.o(i.TIM_ITConfig)
    i.TIM_TimeBaseInit                       0x08001828   Section        0  stm32f10x_tim.o(i.TIM_TimeBaseInit)
    i.UART5_IRQHandler                       0x080018cc   Section        0  stm32f10x_it.o(i.UART5_IRQHandler)
    i.UART5_Init                             0x080019a0   Section        0  usart.o(i.UART5_Init)
    i.USART1_IRQHandler                      0x08001a50   Section        0  usart.o(i.USART1_IRQHandler)
    i.USART1_Init                            0x08001a8c   Section        0  usart.o(i.USART1_Init)
    i.USART_ClearFlag                        0x08001b44   Section        0  stm32f10x_usart.o(i.USART_ClearFlag)
    i.USART_Cmd                              0x08001b56   Section        0  stm32f10x_usart.o(i.USART_Cmd)
    i.USART_GetFlagStatus                    0x08001b6e   Section        0  stm32f10x_usart.o(i.USART_GetFlagStatus)
    i.USART_GetITStatus                      0x08001b88   Section        0  stm32f10x_usart.o(i.USART_GetITStatus)
    i.USART_ITConfig                         0x08001bdc   Section        0  stm32f10x_usart.o(i.USART_ITConfig)
    i.USART_Init                             0x08001c28   Section        0  stm32f10x_usart.o(i.USART_Init)
    i.USART_ReceiveData                      0x08001d00   Section        0  stm32f10x_usart.o(i.USART_ReceiveData)
    i.USART_SendData                         0x08001d0a   Section        0  stm32f10x_usart.o(i.USART_SendData)
    i.USART_printf                           0x08001d12   Section        0  esp8266_public.o(i.USART_printf)
    i.UsageFault_Handler                     0x08001e18   Section        0  stm32f10x_it.o(i.UsageFault_Handler)
    i.WIFI_ESP8266_Init                      0x08001e1c   Section        0  sta_tcpclent_test.o(i.WIFI_ESP8266_Init)
    i.WIFI_ESP8266_Send_Data                 0x08001ed4   Section        0  sta_tcpclent_test.o(i.WIFI_ESP8266_Send_Data)
    i.WaitDataRDY                            0x08002034   Section        0  ad7190.o(i.WaitDataRDY)
    i.WriteToAD7190                          0x08002074   Section        0  ad7190.o(i.WriteToAD7190)
    i.__0printf$3                            0x08002118   Section        0  printf3.o(i.__0printf$3)
    i.__0sprintf$3                           0x08002138   Section        0  printf3.o(i.__0sprintf$3)
    i.__ARM_fpclassify                       0x08002160   Section        0  fpclassify.o(i.__ARM_fpclassify)
    i.__kernel_poly                          0x08002188   Section        0  poly.o(i.__kernel_poly)
    i.__mathlib_dbl_divzero                  0x08002234   Section        0  dunder.o(i.__mathlib_dbl_divzero)
    i.__mathlib_dbl_infnan2                  0x08002244   Section        0  dunder.o(i.__mathlib_dbl_infnan2)
    i.__mathlib_dbl_invalid                  0x08002248   Section        0  dunder.o(i.__mathlib_dbl_invalid)
    i.__mathlib_dbl_overflow                 0x08002254   Section        0  dunder.o(i.__mathlib_dbl_overflow)
    i.__mathlib_dbl_underflow                0x08002264   Section        0  dunder.o(i.__mathlib_dbl_underflow)
    i.__scatterload_copy                     0x08002274   Section       14  handlers.o(i.__scatterload_copy)
    i.__scatterload_null                     0x08002282   Section        2  handlers.o(i.__scatterload_null)
    i.__scatterload_zeroinit                 0x08002284   Section       14  handlers.o(i.__scatterload_zeroinit)
    i.__set_errno                            0x08002294   Section        0  errno.o(i.__set_errno)
    i._printf_core                           0x080022a0   Section        0  printf3.o(i._printf_core)
    _printf_core                             0x080022a1   Thumb Code   436  printf3.o(i._printf_core)
    i._sputc                                 0x08002458   Section        0  printf3.o(i._sputc)
    _sputc                                   0x08002459   Thumb Code    10  printf3.o(i._sputc)
    i.ad7190_Init                            0x08002464   Section        0  ad7190.o(i.ad7190_Init)
    i.delay_init                             0x08002500   Section        0  delay.o(i.delay_init)
    i.delay_ms                               0x0800253c   Section        0  delay.o(i.delay_ms)
    i.delay_us                               0x08002578   Section        0  delay.o(i.delay_us)
    i.fputc                                  0x080025b4   Section        0  usart.o(i.fputc)
    i.itoa                                   0x080025d8   Section        0  esp8266_public.o(i.itoa)
    itoa                                     0x080025d9   Thumb Code    98  esp8266_public.o(i.itoa)
    i.main                                   0x0800263c   Section        0  main.o(i.main)
    i.pow                                    0x080026cc   Section        0  pow.o(i.pow)
    i.sqrt                                   0x08003084   Section        0  sqrt.o(i.sqrt)
    .constdata                               0x080030d0   Section      400  main.o(.constdata)
    .constdata                               0x08003260   Section      136  pow.o(.constdata)
    bp                                       0x08003260   Data          16  pow.o(.constdata)
    dp_h                                     0x08003270   Data          16  pow.o(.constdata)
    dp_l                                     0x08003280   Data          16  pow.o(.constdata)
    L                                        0x08003290   Data          48  pow.o(.constdata)
    P                                        0x080032c0   Data          40  pow.o(.constdata)
    .constdata                               0x080032e8   Section        8  qnan.o(.constdata)
    .data                                    0x20000000   Section       12  main.o(.data)
    .data                                    0x2000000c   Section       20  stm32f10x_rcc.o(.data)
    APBAHBPrescTable                         0x2000000c   Data          16  stm32f10x_rcc.o(.data)
    ADCPrescTable                            0x2000001c   Data           4  stm32f10x_rcc.o(.data)
    .data                                    0x20000020   Section        4  delay.o(.data)
    fac_us                                   0x20000020   Data           1  delay.o(.data)
    fac_ms                                   0x20000022   Data           2  delay.o(.data)
    .data                                    0x20000024   Section        2  bsp_adc.o(.data)
    .data                                    0x20000028   Section       12  sta_tcpclent_test.o(.data)
    .data                                    0x20000034   Section       16  ad7190.o(.data)
    .data                                    0x20000044   Section        4  stdout.o(.data)
    .data                                    0x20000048   Section        4  errno.o(.data)
    _errno                                   0x20000048   Data           4  errno.o(.data)
    .bss                                     0x2000004c   Section     1026  esp8266_drive.o(.bss)
    STACK                                    0x20000450   Section     1024  startup_stm32f10x_hd.o(STACK)

    Global Symbols

    Symbol Name                              Value     Ov Type        Size  Object(Section)

    BuildAttributes$$THM_ISAv4$P$D$K$B$S$PE$A:L22UL41UL21$X:L11$S22US41US21$IEEE1$IW$USESV6$~STKCKD$USESV7$~SHL$OTIME$ROPI$IEEEX$EBA8$MICROLIB$REQ8$PRES8$EABIv2 0x00000000   Number         0  anon$$obj.o ABSOLUTE
    __ARM_use_no_argv                        0x00000000   Number         0  main.o ABSOLUTE
    _printf_a                                0x00000000   Number         0  stubs.o ABSOLUTE
    _printf_c                                0x00000000   Number         0  stubs.o ABSOLUTE
    _printf_charcount                        0x00000000   Number         0  stubs.o ABSOLUTE
    _printf_d                                0x00000000   Number         0  stubs.o ABSOLUTE
    _printf_e                                0x00000000   Number         0  stubs.o ABSOLUTE
    _printf_f                                0x00000000   Number         0  stubs.o ABSOLUTE
    _printf_flags                            0x00000000   Number         0  stubs.o ABSOLUTE
    _printf_fp_dec                           0x00000000   Number         0  stubs.o ABSOLUTE
    _printf_fp_hex                           0x00000000   Number         0  stubs.o ABSOLUTE
    _printf_g                                0x00000000   Number         0  stubs.o ABSOLUTE
    _printf_i                                0x00000000   Number         0  stubs.o ABSOLUTE
    _printf_int_dec                          0x00000000   Number         0  stubs.o ABSOLUTE
    _printf_l                                0x00000000   Number         0  stubs.o ABSOLUTE
    _printf_lc                               0x00000000   Number         0  stubs.o ABSOLUTE
    _printf_ll                               0x00000000   Number         0  stubs.o ABSOLUTE
    _printf_lld                              0x00000000   Number         0  stubs.o ABSOLUTE
    _printf_lli                              0x00000000   Number         0  stubs.o ABSOLUTE
    _printf_llo                              0x00000000   Number         0  stubs.o ABSOLUTE
    _printf_llu                              0x00000000   Number         0  stubs.o ABSOLUTE
    _printf_llx                              0x00000000   Number         0  stubs.o ABSOLUTE
    _printf_longlong_dec                     0x00000000   Number         0  stubs.o ABSOLUTE
    _printf_longlong_hex                     0x00000000   Number         0  stubs.o ABSOLUTE
    _printf_longlong_oct                     0x00000000   Number         0  stubs.o ABSOLUTE
    _printf_ls                               0x00000000   Number         0  stubs.o ABSOLUTE
    _printf_mbtowc                           0x00000000   Number         0  stubs.o ABSOLUTE
    _printf_n                                0x00000000   Number         0  stubs.o ABSOLUTE
    _printf_o                                0x00000000   Number         0  stubs.o ABSOLUTE
    _printf_p                                0x00000000   Number         0  stubs.o ABSOLUTE
    _printf_percent                          0x00000000   Number         0  stubs.o ABSOLUTE
    _printf_pre_padding                      0x00000000   Number         0  stubs.o ABSOLUTE
    _printf_return_value                     0x00000000   Number         0  stubs.o ABSOLUTE
    _printf_s                                0x00000000   Number         0  stubs.o ABSOLUTE
    _printf_sizespec                         0x00000000   Number         0  stubs.o ABSOLUTE
    _printf_str                              0x00000000   Number         0  stubs.o ABSOLUTE
    _printf_truncate_signed                  0x00000000   Number         0  stubs.o ABSOLUTE
    _printf_truncate_unsigned                0x00000000   Number         0  stubs.o ABSOLUTE
    _printf_u                                0x00000000   Number         0  stubs.o ABSOLUTE
    _printf_wc                               0x00000000   Number         0  stubs.o ABSOLUTE
    _printf_wctomb                           0x00000000   Number         0  stubs.o ABSOLUTE
    _printf_widthprec                        0x00000000   Number         0  stubs.o ABSOLUTE
    _printf_x                                0x00000000   Number         0  stubs.o ABSOLUTE
    __cpp_initialize__aeabi_                  - Undefined Weak Reference
    __cxa_finalize                            - Undefined Weak Reference
    __decompress                              - Undefined Weak Reference
    _clock_init                               - Undefined Weak Reference
    _microlib_exit                            - Undefined Weak Reference
    __Vectors_Size                           0x00000130   Number         0  startup_stm32f10x_hd.o ABSOLUTE
    __Vectors                                0x08000000   Data           4  startup_stm32f10x_hd.o(RESET)
    __Vectors_End                            0x08000130   Data           0  startup_stm32f10x_hd.o(RESET)
    __main                                   0x08000131   Thumb Code     0  entry.o(.ARM.Collect$$$$00000000)
    _main_stk                                0x08000131   Thumb Code     0  entry2.o(.ARM.Collect$$$$00000001)
    _main_scatterload                        0x08000135   Thumb Code     0  entry5.o(.ARM.Collect$$$$00000004)
    __main_after_scatterload                 0x08000139   Thumb Code     0  entry5.o(.ARM.Collect$$$$00000004)
    _main_clock                              0x08000139   Thumb Code     0  entry7b.o(.ARM.Collect$$$$00000008)
    _main_cpp_init                           0x08000139   Thumb Code     0  entry8b.o(.ARM.Collect$$$$0000000A)
    _main_init                               0x08000139   Thumb Code     0  entry9a.o(.ARM.Collect$$$$0000000B)
    __rt_final_cpp                           0x08000141   Thumb Code     0  entry10a.o(.ARM.Collect$$$$0000000D)
    __rt_final_exit                          0x08000141   Thumb Code     0  entry11a.o(.ARM.Collect$$$$0000000F)
    Reset_Handler                            0x08000145   Thumb Code     8  startup_stm32f10x_hd.o(.text)
    ADC1_2_IRQHandler                        0x0800015f   Thumb Code     0  startup_stm32f10x_hd.o(.text)
    ADC3_IRQHandler                          0x0800015f   Thumb Code     0  startup_stm32f10x_hd.o(.text)
    CAN1_RX1_IRQHandler                      0x0800015f   Thumb Code     0  startup_stm32f10x_hd.o(.text)
    CAN1_SCE_IRQHandler                      0x0800015f   Thumb Code     0  startup_stm32f10x_hd.o(.text)
    DMA1_Channel1_IRQHandler                 0x0800015f   Thumb Code     0  startup_stm32f10x_hd.o(.text)
    DMA1_Channel2_IRQHandler                 0x0800015f   Thumb Code     0  startup_stm32f10x_hd.o(.text)
    DMA1_Channel3_IRQHandler                 0x0800015f   Thumb Code     0  startup_stm32f10x_hd.o(.text)
    DMA1_Channel4_IRQHandler                 0x0800015f   Thumb Code     0  startup_stm32f10x_hd.o(.text)
    DMA1_Channel5_IRQHandler                 0x0800015f   Thumb Code     0  startup_stm32f10x_hd.o(.text)
    DMA1_Channel6_IRQHandler                 0x0800015f   Thumb Code     0  startup_stm32f10x_hd.o(.text)
    DMA1_Channel7_IRQHandler                 0x0800015f   Thumb Code     0  startup_stm32f10x_hd.o(.text)
    DMA2_Channel1_IRQHandler                 0x0800015f   Thumb Code     0  startup_stm32f10x_hd.o(.text)
    DMA2_Channel2_IRQHandler                 0x0800015f   Thumb Code     0  startup_stm32f10x_hd.o(.text)
    DMA2_Channel3_IRQHandler                 0x0800015f   Thumb Code     0  startup_stm32f10x_hd.o(.text)
    DMA2_Channel4_5_IRQHandler               0x0800015f   Thumb Code     0  startup_stm32f10x_hd.o(.text)
    EXTI0_IRQHandler                         0x0800015f   Thumb Code     0  startup_stm32f10x_hd.o(.text)
    EXTI15_10_IRQHandler                     0x0800015f   Thumb Code     0  startup_stm32f10x_hd.o(.text)
    EXTI1_IRQHandler                         0x0800015f   Thumb Code     0  startup_stm32f10x_hd.o(.text)
    EXTI2_IRQHandler                         0x0800015f   Thumb Code     0  startup_stm32f10x_hd.o(.text)
    EXTI3_IRQHandler                         0x0800015f   Thumb Code     0  startup_stm32f10x_hd.o(.text)
    EXTI4_IRQHandler                         0x0800015f   Thumb Code     0  startup_stm32f10x_hd.o(.text)
    EXTI9_5_IRQHandler                       0x0800015f   Thumb Code     0  startup_stm32f10x_hd.o(.text)
    FLASH_IRQHandler                         0x0800015f   Thumb Code     0  startup_stm32f10x_hd.o(.text)
    FSMC_IRQHandler                          0x0800015f   Thumb Code     0  startup_stm32f10x_hd.o(.text)
    I2C1_ER_IRQHandler                       0x0800015f   Thumb Code     0  startup_stm32f10x_hd.o(.text)
    I2C1_EV_IRQHandler                       0x0800015f   Thumb Code     0  startup_stm32f10x_hd.o(.text)
    I2C2_ER_IRQHandler                       0x0800015f   Thumb Code     0  startup_stm32f10x_hd.o(.text)
    I2C2_EV_IRQHandler                       0x0800015f   Thumb Code     0  startup_stm32f10x_hd.o(.text)
    PVD_IRQHandler                           0x0800015f   Thumb Code     0  startup_stm32f10x_hd.o(.text)
    RCC_IRQHandler                           0x0800015f   Thumb Code     0  startup_stm32f10x_hd.o(.text)
    RTCAlarm_IRQHandler                      0x0800015f   Thumb Code     0  startup_stm32f10x_hd.o(.text)
    RTC_IRQHandler                           0x0800015f   Thumb Code     0  startup_stm32f10x_hd.o(.text)
    SDIO_IRQHandler                          0x0800015f   Thumb Code     0  startup_stm32f10x_hd.o(.text)
    SPI1_IRQHandler                          0x0800015f   Thumb Code     0  startup_stm32f10x_hd.o(.text)
    SPI2_IRQHandler                          0x0800015f   Thumb Code     0  startup_stm32f10x_hd.o(.text)
    SPI3_IRQHandler                          0x0800015f   Thumb Code     0  startup_stm32f10x_hd.o(.text)
    TAMPER_IRQHandler                        0x0800015f   Thumb Code     0  startup_stm32f10x_hd.o(.text)
    TIM1_BRK_IRQHandler                      0x0800015f   Thumb Code     0  startup_stm32f10x_hd.o(.text)
    TIM1_CC_IRQHandler                       0x0800015f   Thumb Code     0  startup_stm32f10x_hd.o(.text)
    TIM1_TRG_COM_IRQHandler                  0x0800015f   Thumb Code     0  startup_stm32f10x_hd.o(.text)
    TIM1_UP_IRQHandler                       0x0800015f   Thumb Code     0  startup_stm32f10x_hd.o(.text)
    TIM3_IRQHandler                          0x0800015f   Thumb Code     0  startup_stm32f10x_hd.o(.text)
    TIM4_IRQHandler                          0x0800015f   Thumb Code     0  startup_stm32f10x_hd.o(.text)
    TIM5_IRQHandler                          0x0800015f   Thumb Code     0  startup_stm32f10x_hd.o(.text)
    TIM6_IRQHandler                          0x0800015f   Thumb Code     0  startup_stm32f10x_hd.o(.text)
    TIM7_IRQHandler                          0x0800015f   Thumb Code     0  startup_stm32f10x_hd.o(.text)
    TIM8_BRK_IRQHandler                      0x0800015f   Thumb Code     0  startup_stm32f10x_hd.o(.text)
    TIM8_CC_IRQHandler                       0x0800015f   Thumb Code     0  startup_stm32f10x_hd.o(.text)
    TIM8_TRG_COM_IRQHandler                  0x0800015f   Thumb Code     0  startup_stm32f10x_hd.o(.text)
    TIM8_UP_IRQHandler                       0x0800015f   Thumb Code     0  startup_stm32f10x_hd.o(.text)
    UART4_IRQHandler                         0x0800015f   Thumb Code     0  startup_stm32f10x_hd.o(.text)
    USART2_IRQHandler                        0x0800015f   Thumb Code     0  startup_stm32f10x_hd.o(.text)
    USART3_IRQHandler                        0x0800015f   Thumb Code     0  startup_stm32f10x_hd.o(.text)
    USBWakeUp_IRQHandler                     0x0800015f   Thumb Code     0  startup_stm32f10x_hd.o(.text)
    USB_HP_CAN1_TX_IRQHandler                0x0800015f   Thumb Code     0  startup_stm32f10x_hd.o(.text)
    USB_LP_CAN1_RX0_IRQHandler               0x0800015f   Thumb Code     0  startup_stm32f10x_hd.o(.text)
    WWDG_IRQHandler                          0x0800015f   Thumb Code     0  startup_stm32f10x_hd.o(.text)
    __aeabi_memcpy                           0x08000169   Thumb Code    36  memcpya.o(.text)
    __aeabi_memcpy4                          0x08000169   Thumb Code     0  memcpya.o(.text)
    __aeabi_memcpy8                          0x08000169   Thumb Code     0  memcpya.o(.text)
    __aeabi_memset                           0x0800018d   Thumb Code    14  memseta.o(.text)
    __aeabi_memset4                          0x0800018d   Thumb Code     0  memseta.o(.text)
    __aeabi_memset8                          0x0800018d   Thumb Code     0  memseta.o(.text)
    __aeabi_memclr                           0x0800019b   Thumb Code     4  memseta.o(.text)
    __aeabi_memclr4                          0x0800019b   Thumb Code     0  memseta.o(.text)
    __aeabi_memclr8                          0x0800019b   Thumb Code     0  memseta.o(.text)
    _memset$wrapper                          0x0800019f   Thumb Code    18  memseta.o(.text)
    strstr                                   0x080001b1   Thumb Code    36  strstr.o(.text)
    __aeabi_dadd                             0x080001d5   Thumb Code   322  dadd.o(.text)
    __aeabi_dsub                             0x08000317   Thumb Code     6  dadd.o(.text)
    __aeabi_drsub                            0x0800031d   Thumb Code     6  dadd.o(.text)
    __aeabi_dmul                             0x08000323   Thumb Code   228  dmul.o(.text)
    __aeabi_i2d                              0x08000407   Thumb Code    34  dflti.o(.text)
    __aeabi_ui2d                             0x08000429   Thumb Code    26  dfltui.o(.text)
    __aeabi_d2uiz                            0x08000443   Thumb Code    50  dfixui.o(.text)
    __aeabi_uidiv                            0x08000475   Thumb Code     0  uidiv.o(.text)
    __aeabi_uidivmod                         0x08000475   Thumb Code    44  uidiv.o(.text)
    __aeabi_llsl                             0x080004a1   Thumb Code    30  llshl.o(.text)
    _ll_shift_l                              0x080004a1   Thumb Code     0  llshl.o(.text)
    __aeabi_llsr                             0x080004bf   Thumb Code    32  llushr.o(.text)
    _ll_ushift_r                             0x080004bf   Thumb Code     0  llushr.o(.text)
    __aeabi_lasr                             0x080004df   Thumb Code    36  llsshr.o(.text)
    _ll_sshift_r                             0x080004df   Thumb Code     0  llsshr.o(.text)
    __I$use$fp                               0x08000503   Thumb Code     0  iusefp.o(.text)
    _double_round                            0x08000503   Thumb Code    30  depilogue.o(.text)
    _double_epilogue                         0x08000521   Thumb Code   156  depilogue.o(.text)
    __aeabi_ddiv                             0x080005bd   Thumb Code   222  ddiv.o(.text)
    __ARM_scalbn                             0x0800069b   Thumb Code    46  dscalb.o(.text)
    scalbn                                   0x0800069b   Thumb Code     0  dscalb.o(.text)
    __aeabi_cdrcmple                         0x080006c9   Thumb Code    48  cdrcmple.o(.text)
    __scatterload                            0x080006f9   Thumb Code    28  init.o(.text)
    __scatterload_rt2                        0x080006f9   Thumb Code     0  init.o(.text)
    _dsqrt                                   0x0800071d   Thumb Code   162  dsqrt.o(.text)
    AD7190_Config_Set                        0x080007c1   Thumb Code   160  ad7190.o(i.AD7190_Config_Set)
    AD7190_Connect_Set                       0x08000865   Thumb Code    32  ad7190.o(i.AD7190_Connect_Set)
    AD7190_Init                              0x08000885   Thumb Code   118  ad7190.o(i.AD7190_Init)
    AD7190_Mode_Set                          0x080008fb   Thumb Code   116  ad7190.o(i.AD7190_Mode_Set)
    ADC1_Init                                0x080009a9   Thumb Code    12  bsp_adc.o(i.ADC1_Init)
    ADC_Cmd                                  0x08000a91   Thumb Code    22  stm32f10x_adc.o(i.ADC_Cmd)
    ADC_DMACmd                               0x08000aa7   Thumb Code    22  stm32f10x_adc.o(i.ADC_DMACmd)
    ADC_GetCalibrationStatus                 0x08000abd   Thumb Code    20  stm32f10x_adc.o(i.ADC_GetCalibrationStatus)
    ADC_GetResetCalibrationStatus            0x08000ad1   Thumb Code    20  stm32f10x_adc.o(i.ADC_GetResetCalibrationStatus)
    ADC_Init                                 0x08000ae5   Thumb Code    70  stm32f10x_adc.o(i.ADC_Init)
    ADC_RegularChannelConfig                 0x08000b35   Thumb Code   184  stm32f10x_adc.o(i.ADC_RegularChannelConfig)
    ADC_ResetCalibration                     0x08000bed   Thumb Code    10  stm32f10x_adc.o(i.ADC_ResetCalibration)
    ADC_SoftwareStartConvCmd                 0x08000bf7   Thumb Code    22  stm32f10x_adc.o(i.ADC_SoftwareStartConvCmd)
    ADC_StartCalibration                     0x08000c0d   Thumb Code    10  stm32f10x_adc.o(i.ADC_StartCalibration)
    BusFault_Handler                         0x08000c17   Thumb Code     4  stm32f10x_it.o(i.BusFault_Handler)
    DMA_Cmd                                  0x08000c1b   Thumb Code    24  stm32f10x_dma.o(i.DMA_Cmd)
    DMA_DeInit                               0x08000c35   Thumb Code   324  stm32f10x_dma.o(i.DMA_DeInit)
    DMA_Init                                 0x08000d81   Thumb Code    60  stm32f10x_dma.o(i.DMA_Init)
    DebugMon_Handler                         0x08000dbd   Thumb Code     2  stm32f10x_it.o(i.DebugMon_Handler)
    ESP8266_AT_Test                          0x08000dc1   Thumb Code    56  esp8266_drive.o(i.ESP8266_AT_Test)
    ESP8266_Enable_MultipleId                0x08000e05   Thumb Code    42  esp8266_drive.o(i.ESP8266_Enable_MultipleId)
    ESP8266_ExitUnvarnishSend                0x08000e45   Thumb Code    28  esp8266_drive.o(i.ESP8266_ExitUnvarnishSend)
    ESP8266_Init                             0x08000e69   Thumb Code    70  esp8266_drive.o(i.ESP8266_Init)
    ESP8266_JoinAP                           0x08000eb9   Thumb Code    38  esp8266_drive.o(i.ESP8266_JoinAP)
    ESP8266_Link_Server                      0x08000ef9   Thumb Code   110  esp8266_drive.o(i.ESP8266_Link_Server)
    ESP8266_Net_Mode_Choose                  0x08000fb9   Thumb Code    68  esp8266_drive.o(i.ESP8266_Net_Mode_Choose)
    ESP8266_Rst                              0x08001031   Thumb Code    28  esp8266_drive.o(i.ESP8266_Rst)
    ESP8266_SendString                       0x08001051   Thumb Code   102  esp8266_drive.o(i.ESP8266_SendString)
    ESP8266_Send_AT_Cmd                      0x080010f1   Thumb Code   164  esp8266_drive.o(i.ESP8266_Send_AT_Cmd)
    ESP8266_UnvarnishSend                    0x080011a9   Thumb Code    38  esp8266_drive.o(i.ESP8266_UnvarnishSend)
    GPIO_Init                                0x080011f5   Thumb Code   278  stm32f10x_gpio.o(i.GPIO_Init)
    GPIO_ResetBits                           0x0800130b   Thumb Code     4  stm32f10x_gpio.o(i.GPIO_ResetBits)
    GPIO_SetBits                             0x0800130f   Thumb Code     4  stm32f10x_gpio.o(i.GPIO_SetBits)
    HardFault_Handler                        0x08001313   Thumb Code     4  stm32f10x_it.o(i.HardFault_Handler)
    MemManage_Handler                        0x08001317   Thumb Code     4  stm32f10x_it.o(i.MemManage_Handler)
    NMI_Handler                              0x0800131b   Thumb Code     2  stm32f10x_it.o(i.NMI_Handler)
    NVIC_Configuration                       0x0800131d   Thumb Code    42  sys.o(i.NVIC_Configuration)
    NVIC_Init                                0x08001349   Thumb Code   100  misc.o(i.NVIC_Init)
    NVIC_PriorityGroupConfig                 0x080013b9   Thumb Code    10  misc.o(i.NVIC_PriorityGroupConfig)
    PendSV_Handler                           0x080013cd   Thumb Code     2  stm32f10x_it.o(i.PendSV_Handler)
    RCC_ADCCLKConfig                         0x080013d1   Thumb Code    18  stm32f10x_rcc.o(i.RCC_ADCCLKConfig)
    RCC_AHBPeriphClockCmd                    0x080013e9   Thumb Code    26  stm32f10x_rcc.o(i.RCC_AHBPeriphClockCmd)
    RCC_APB1PeriphClockCmd                   0x08001409   Thumb Code    26  stm32f10x_rcc.o(i.RCC_APB1PeriphClockCmd)
    RCC_APB2PeriphClockCmd                   0x08001429   Thumb Code    26  stm32f10x_rcc.o(i.RCC_APB2PeriphClockCmd)
    RCC_GetClocksFreq                        0x08001449   Thumb Code   192  stm32f10x_rcc.o(i.RCC_GetClocksFreq)
    ReadFromAD7190                           0x0800151d   Thumb Code   146  ad7190.o(i.ReadFromAD7190)
    SVC_Handler                              0x080015b9   Thumb Code     2  stm32f10x_it.o(i.SVC_Handler)
    SysTick_CLKSourceConfig                  0x080016a5   Thumb Code    40  misc.o(i.SysTick_CLKSourceConfig)
    SysTick_Handler                          0x080016cd   Thumb Code     2  stm32f10x_it.o(i.SysTick_Handler)
    SystemInit                               0x080016d1   Thumb Code    78  system_stm32f10x.o(i.SystemInit)
    TIM2_Configuration                       0x08001731   Thumb Code    80  bsp_timbase.o(i.TIM2_Configuration)
    TIM2_IRQHandler                          0x08001781   Thumb Code    32  stm32f10x_it.o(i.TIM2_IRQHandler)
    TIM2_NVIC_Configuration                  0x080017a5   Thumb Code    42  bsp_timbase.o(i.TIM2_NVIC_Configuration)
    TIM_ClearFlag                            0x080017cf   Thumb Code     6  stm32f10x_tim.o(i.TIM_ClearFlag)
    TIM_ClearITPendingBit                    0x080017d5   Thumb Code     6  stm32f10x_tim.o(i.TIM_ClearITPendingBit)
    TIM_Cmd                                  0x080017db   Thumb Code    24  stm32f10x_tim.o(i.TIM_Cmd)
    TIM_GetITStatus                          0x080017f3   Thumb Code    34  stm32f10x_tim.o(i.TIM_GetITStatus)
    TIM_ITConfig                             0x08001815   Thumb Code    18  stm32f10x_tim.o(i.TIM_ITConfig)
    TIM_TimeBaseInit                         0x08001829   Thumb Code   122  stm32f10x_tim.o(i.TIM_TimeBaseInit)
    UART5_IRQHandler                         0x080018cd   Thumb Code   158  stm32f10x_it.o(i.UART5_IRQHandler)
    UART5_Init                               0x080019a1   Thumb Code   162  usart.o(i.UART5_Init)
    USART1_IRQHandler                        0x08001a51   Thumb Code    54  usart.o(i.USART1_IRQHandler)
    USART1_Init                              0x08001a8d   Thumb Code   174  usart.o(i.USART1_Init)
    USART_ClearFlag                          0x08001b45   Thumb Code    18  stm32f10x_usart.o(i.USART_ClearFlag)
    USART_Cmd                                0x08001b57   Thumb Code    24  stm32f10x_usart.o(i.USART_Cmd)
    USART_GetFlagStatus                      0x08001b6f   Thumb Code    26  stm32f10x_usart.o(i.USART_GetFlagStatus)
    USART_GetITStatus                        0x08001b89   Thumb Code    84  stm32f10x_usart.o(i.USART_GetITStatus)
    USART_ITConfig                           0x08001bdd   Thumb Code    74  stm32f10x_usart.o(i.USART_ITConfig)
    USART_Init                               0x08001c29   Thumb Code   210  stm32f10x_usart.o(i.USART_Init)
    USART_ReceiveData                        0x08001d01   Thumb Code    10  stm32f10x_usart.o(i.USART_ReceiveData)
    USART_SendData                           0x08001d0b   Thumb Code     8  stm32f10x_usart.o(i.USART_SendData)
    USART_printf                             0x08001d13   Thumb Code   262  esp8266_public.o(i.USART_printf)
    UsageFault_Handler                       0x08001e19   Thumb Code     4  stm32f10x_it.o(i.UsageFault_Handler)
    WIFI_ESP8266_Init                        0x08001e1d   Thumb Code    86  sta_tcpclent_test.o(i.WIFI_ESP8266_Init)
    WIFI_ESP8266_Send_Data                   0x08001ed5   Thumb Code   164  sta_tcpclent_test.o(i.WIFI_ESP8266_Send_Data)
    WaitDataRDY                              0x08002035   Thumb Code    64  ad7190.o(i.WaitDataRDY)
    WriteToAD7190                            0x08002075   Thumb Code   156  ad7190.o(i.WriteToAD7190)
    __0printf$3                              0x08002119   Thumb Code    22  printf3.o(i.__0printf$3)
    __1printf$3                              0x08002119   Thumb Code     0  printf3.o(i.__0printf$3)
    __2printf                                0x08002119   Thumb Code     0  printf3.o(i.__0printf$3)
    __0sprintf$3                             0x08002139   Thumb Code    34  printf3.o(i.__0sprintf$3)
    __1sprintf$3                             0x08002139   Thumb Code     0  printf3.o(i.__0sprintf$3)
    __2sprintf                               0x08002139   Thumb Code     0  printf3.o(i.__0sprintf$3)
    __ARM_fpclassify                         0x08002161   Thumb Code    40  fpclassify.o(i.__ARM_fpclassify)
    __kernel_poly                            0x08002189   Thumb Code   170  poly.o(i.__kernel_poly)
    __mathlib_dbl_divzero                    0x08002235   Thumb Code    12  dunder.o(i.__mathlib_dbl_divzero)
    __mathlib_dbl_infnan2                    0x08002245   Thumb Code     4  dunder.o(i.__mathlib_dbl_infnan2)
    __mathlib_dbl_invalid                    0x08002249   Thumb Code    12  dunder.o(i.__mathlib_dbl_invalid)
    __mathlib_dbl_overflow                   0x08002255   Thumb Code    14  dunder.o(i.__mathlib_dbl_overflow)
    __mathlib_dbl_underflow                  0x08002265   Thumb Code    10  dunder.o(i.__mathlib_dbl_underflow)
    __scatterload_copy                       0x08002275   Thumb Code    14  handlers.o(i.__scatterload_copy)
    __scatterload_null                       0x08002283   Thumb Code     2  handlers.o(i.__scatterload_null)
    __scatterload_zeroinit                   0x08002285   Thumb Code    14  handlers.o(i.__scatterload_zeroinit)
    __set_errno                              0x08002295   Thumb Code     6  errno.o(i.__set_errno)
    ad7190_Init                              0x08002465   Thumb Code   152  ad7190.o(i.ad7190_Init)
    delay_init                               0x08002501   Thumb Code    52  delay.o(i.delay_init)
    delay_ms                                 0x0800253d   Thumb Code    56  delay.o(i.delay_ms)
    delay_us                                 0x08002579   Thumb Code    56  delay.o(i.delay_us)
    fputc                                    0x080025b5   Thumb Code    32  usart.o(i.fputc)
    main                                     0x0800263d   Thumb Code   124  main.o(i.main)
    pow                                      0x080026cd   Thumb Code  2478  pow.o(i.pow)
    sqrt                                     0x08003085   Thumb Code    76  sqrt.o(i.sqrt)
    __mathlib_zero                           0x080032e8   Data           8  qnan.o(.constdata)
    Region$$Table$$Base                      0x080032f0   Number         0  anon$$obj.o(Region$$Table)
    Region$$Table$$Limit                     0x08003310   Number         0  anon$$obj.o(Region$$Table)
    i                                        0x20000000   Data           4  main.o(.data)
    time                                     0x20000004   Data           4  main.o(.data)
    ADC_ConvertedValueLocal                  0x20000008   Data           4  main.o(.data)
    ADC_ConvertedValue                       0x20000024   Data           2  bsp_adc.o(.data)
    TcpCloseFlag                             0x20000028   Data           4  sta_tcpclent_test.o(.data)
    TcpCheeekFlag                            0x2000002c   Data           1  sta_tcpclent_test.o(.data)
    send_data_time                           0x20000030   Data           4  sta_tcpclent_test.o(.data)
    ADC_Channel                              0x20000034   Data           1  ad7190.o(.data)
    text                                     0x20000035   Data           1  ad7190.o(.data)
    shuju                                    0x20000036   Data           1  ad7190.o(.data)
    ADC_Gain                                 0x20000038   Data           4  ad7190.o(.data)
    DisordersData                            0x2000003c   Data           4  ad7190.o(.data)
    DisordersTemp                            0x20000040   Data           4  ad7190.o(.data)
    __stdout                                 0x20000044   Data           4  stdout.o(.data)
    ESP8266_Fram_Record_Struct               0x2000004c   Data        1026  esp8266_drive.o(.bss)
    __initial_sp                             0x20000850   Data           0  startup_stm32f10x_hd.o(STACK)



==============================================================================

Memory Map of the image

  Image Entry point : 0x08000131

  Load Region LR_IROM1 (Base: 0x08000000, Size: 0x0000335c, Max: 0x00080000, ABSOLUTE)

    Execution Region ER_IROM1 (Base: 0x08000000, Size: 0x00003310, Max: 0x00080000, ABSOLUTE)

    Base Addr    Size         Type   Attr      Idx    E Section Name        Object

    0x08000000   0x00000130   Data   RO          253    RESET               startup_stm32f10x_hd.o
    0x08000130   0x00000000   Code   RO         2428  * .ARM.Collect$$$$00000000  mc_w.l(entry.o)
    0x08000130   0x00000004   Code   RO         2753    .ARM.Collect$$$$00000001  mc_w.l(entry2.o)
    0x08000134   0x00000004   Code   RO         2756    .ARM.Collect$$$$00000004  mc_w.l(entry5.o)
    0x08000138   0x00000000   Code   RO         2758    .ARM.Collect$$$$00000008  mc_w.l(entry7b.o)
    0x08000138   0x00000000   Code   RO         2760    .ARM.Collect$$$$0000000A  mc_w.l(entry8b.o)
    0x08000138   0x00000008   Code   RO         2761    .ARM.Collect$$$$0000000B  mc_w.l(entry9a.o)
    0x08000140   0x00000000   Code   RO         2763    .ARM.Collect$$$$0000000D  mc_w.l(entry10a.o)
    0x08000140   0x00000000   Code   RO         2765    .ARM.Collect$$$$0000000F  mc_w.l(entry11a.o)
    0x08000140   0x00000004   Code   RO         2754    .ARM.Collect$$$$00002712  mc_w.l(entry2.o)
    0x08000144   0x00000024   Code   RO          254    .text               startup_stm32f10x_hd.o
    0x08000168   0x00000024   Code   RO         2431    .text               mc_w.l(memcpya.o)
    0x0800018c   0x00000024   Code   RO         2433    .text               mc_w.l(memseta.o)
    0x080001b0   0x00000024   Code   RO         2435    .text               mc_w.l(strstr.o)
    0x080001d4   0x0000014e   Code   RO         2704    .text               mf_w.l(dadd.o)
    0x08000322   0x000000e4   Code   RO         2706    .text               mf_w.l(dmul.o)
    0x08000406   0x00000022   Code   RO         2712    .text               mf_w.l(dflti.o)
    0x08000428   0x0000001a   Code   RO         2714    .text               mf_w.l(dfltui.o)
    0x08000442   0x00000032   Code   RO         2720    .text               mf_w.l(dfixui.o)
    0x08000474   0x0000002c   Code   RO         2768    .text               mc_w.l(uidiv.o)
    0x080004a0   0x0000001e   Code   RO         2772    .text               mc_w.l(llshl.o)
    0x080004be   0x00000020   Code   RO         2774    .text               mc_w.l(llushr.o)
    0x080004de   0x00000024   Code   RO         2776    .text               mc_w.l(llsshr.o)
    0x08000502   0x00000000   Code   RO         2785    .text               mc_w.l(iusefp.o)
    0x08000502   0x000000ba   Code   RO         2788    .text               mf_w.l(depilogue.o)
    0x080005bc   0x000000de   Code   RO         2790    .text               mf_w.l(ddiv.o)
    0x0800069a   0x0000002e   Code   RO         2792    .text               mf_w.l(dscalb.o)
    0x080006c8   0x00000030   Code   RO         2796    .text               mf_w.l(cdrcmple.o)
    0x080006f8   0x00000024   Code   RO         2798    .text               mc_w.l(init.o)
    0x0800071c   0x000000a2   Code   RO         2800    .text               mf_w.l(dsqrt.o)
    0x080007be   0x00000002   PAD
    0x080007c0   0x000000a4   Code   RO         2330    i.AD7190_Config_Set  ad7190.o
    0x08000864   0x00000020   Code   RO         2331    i.AD7190_Connect_Set  ad7190.o
    0x08000884   0x00000076   Code   RO         2332    i.AD7190_Init       ad7190.o
    0x080008fa   0x00000074   Code   RO         2333    i.AD7190_Mode_Set   ad7190.o
    0x0800096e   0x00000002   PAD
    0x08000970   0x00000038   Code   RO         2113    i.ADC1_GPIO_Config  bsp_adc.o
    0x080009a8   0x0000000c   Code   RO         2114    i.ADC1_Init         bsp_adc.o
    0x080009b4   0x000000dc   Code   RO         2115    i.ADC1_Mode_Config  bsp_adc.o
    0x08000a90   0x00000016   Code   RO         1637    i.ADC_Cmd           stm32f10x_adc.o
    0x08000aa6   0x00000016   Code   RO         1638    i.ADC_DMACmd        stm32f10x_adc.o
    0x08000abc   0x00000014   Code   RO         1645    i.ADC_GetCalibrationStatus  stm32f10x_adc.o
    0x08000ad0   0x00000014   Code   RO         1651    i.ADC_GetResetCalibrationStatus  stm32f10x_adc.o
    0x08000ae4   0x00000050   Code   RO         1655    i.ADC_Init          stm32f10x_adc.o
    0x08000b34   0x000000b8   Code   RO         1659    i.ADC_RegularChannelConfig  stm32f10x_adc.o
    0x08000bec   0x0000000a   Code   RO         1660    i.ADC_ResetCalibration  stm32f10x_adc.o
    0x08000bf6   0x00000016   Code   RO         1662    i.ADC_SoftwareStartConvCmd  stm32f10x_adc.o
    0x08000c0c   0x0000000a   Code   RO         1664    i.ADC_StartCalibration  stm32f10x_adc.o
    0x08000c16   0x00000004   Code   RO          175    i.BusFault_Handler  stm32f10x_it.o
    0x08000c1a   0x00000018   Code   RO         1855    i.DMA_Cmd           stm32f10x_dma.o
    0x08000c32   0x00000002   PAD
    0x08000c34   0x0000014c   Code   RO         1856    i.DMA_DeInit        stm32f10x_dma.o
    0x08000d80   0x0000003c   Code   RO         1861    i.DMA_Init          stm32f10x_dma.o
    0x08000dbc   0x00000002   Code   RO          176    i.DebugMon_Handler  stm32f10x_it.o
    0x08000dbe   0x00000002   PAD
    0x08000dc0   0x00000044   Code   RO         2141    i.ESP8266_AT_Test   esp8266_drive.o
    0x08000e04   0x00000040   Code   RO         2143    i.ESP8266_Enable_MultipleId  esp8266_drive.o
    0x08000e44   0x00000024   Code   RO         2144    i.ESP8266_ExitUnvarnishSend  esp8266_drive.o
    0x08000e68   0x00000050   Code   RO         2146    i.ESP8266_Init      esp8266_drive.o
    0x08000eb8   0x00000040   Code   RO         2147    i.ESP8266_JoinAP    esp8266_drive.o
    0x08000ef8   0x000000c0   Code   RO         2148    i.ESP8266_Link_Server  esp8266_drive.o
    0x08000fb8   0x00000078   Code   RO         2149    i.ESP8266_Net_Mode_Choose  esp8266_drive.o
    0x08001030   0x00000020   Code   RO         2150    i.ESP8266_Rst       esp8266_drive.o
    0x08001050   0x000000a0   Code   RO         2151    i.ESP8266_SendString  esp8266_drive.o
    0x080010f0   0x000000b8   Code   RO         2152    i.ESP8266_Send_AT_Cmd  esp8266_drive.o
    0x080011a8   0x0000004c   Code   RO         2155    i.ESP8266_UnvarnishSend  esp8266_drive.o
    0x080011f4   0x00000116   Code   RO          265    i.GPIO_Init         stm32f10x_gpio.o
    0x0800130a   0x00000004   Code   RO          272    i.GPIO_ResetBits    stm32f10x_gpio.o
    0x0800130e   0x00000004   Code   RO          273    i.GPIO_SetBits      stm32f10x_gpio.o
    0x08001312   0x00000004   Code   RO          177    i.HardFault_Handler  stm32f10x_it.o
    0x08001316   0x00000004   Code   RO          178    i.MemManage_Handler  stm32f10x_it.o
    0x0800131a   0x00000002   Code   RO          179    i.NMI_Handler       stm32f10x_it.o
    0x0800131c   0x0000002a   Code   RO         1949    i.NVIC_Configuration  sys.o
    0x08001346   0x00000002   PAD
    0x08001348   0x00000070   Code   RO          595    i.NVIC_Init         misc.o
    0x080013b8   0x00000014   Code   RO          596    i.NVIC_PriorityGroupConfig  misc.o
    0x080013cc   0x00000002   Code   RO          180    i.PendSV_Handler    stm32f10x_it.o
    0x080013ce   0x00000002   PAD
    0x080013d0   0x00000018   Code   RO          395    i.RCC_ADCCLKConfig  stm32f10x_rcc.o
    0x080013e8   0x00000020   Code   RO          396    i.RCC_AHBPeriphClockCmd  stm32f10x_rcc.o
    0x08001408   0x00000020   Code   RO          397    i.RCC_APB1PeriphClockCmd  stm32f10x_rcc.o
    0x08001428   0x00000020   Code   RO          399    i.RCC_APB2PeriphClockCmd  stm32f10x_rcc.o
    0x08001448   0x000000d4   Code   RO          407    i.RCC_GetClocksFreq  stm32f10x_rcc.o
    0x0800151c   0x0000009c   Code   RO         2338    i.ReadFromAD7190    ad7190.o
    0x080015b8   0x00000002   Code   RO          181    i.SVC_Handler       stm32f10x_it.o
    0x080015ba   0x00000008   Code   RO         1587    i.SetSysClock       system_stm32f10x.o
    0x080015c2   0x00000002   PAD
    0x080015c4   0x000000e0   Code   RO         1588    i.SetSysClockTo72   system_stm32f10x.o
    0x080016a4   0x00000028   Code   RO          599    i.SysTick_CLKSourceConfig  misc.o
    0x080016cc   0x00000002   Code   RO          182    i.SysTick_Handler   stm32f10x_it.o
    0x080016ce   0x00000002   PAD
    0x080016d0   0x00000060   Code   RO         1590    i.SystemInit        system_stm32f10x.o
    0x08001730   0x00000050   Code   RO         2092    i.TIM2_Configuration  bsp_timbase.o
    0x08001780   0x00000024   Code   RO          183    i.TIM2_IRQHandler   stm32f10x_it.o
    0x080017a4   0x0000002a   Code   RO         2093    i.TIM2_NVIC_Configuration  bsp_timbase.o
    0x080017ce   0x00000006   Code   RO          875    i.TIM_ClearFlag     stm32f10x_tim.o
    0x080017d4   0x00000006   Code   RO          876    i.TIM_ClearITPendingBit  stm32f10x_tim.o
    0x080017da   0x00000018   Code   RO          881    i.TIM_Cmd           stm32f10x_tim.o
    0x080017f2   0x00000022   Code   RO          902    i.TIM_GetITStatus   stm32f10x_tim.o
    0x08001814   0x00000012   Code   RO          906    i.TIM_ITConfig      stm32f10x_tim.o
    0x08001826   0x00000002   PAD
    0x08001828   0x000000a4   Code   RO          952    i.TIM_TimeBaseInit  stm32f10x_tim.o
    0x080018cc   0x000000d4   Code   RO          184    i.UART5_IRQHandler  stm32f10x_it.o
    0x080019a0   0x000000b0   Code   RO         2300    i.UART5_Init        usart.o
    0x08001a50   0x0000003c   Code   RO         2301    i.USART1_IRQHandler  usart.o
    0x08001a8c   0x000000b8   Code   RO         2302    i.USART1_Init       usart.o
    0x08001b44   0x00000012   Code   RO          685    i.USART_ClearFlag   stm32f10x_usart.o
    0x08001b56   0x00000018   Code   RO          689    i.USART_Cmd         stm32f10x_usart.o
    0x08001b6e   0x0000001a   Code   RO          692    i.USART_GetFlagStatus  stm32f10x_usart.o
    0x08001b88   0x00000054   Code   RO          693    i.USART_GetITStatus  stm32f10x_usart.o
    0x08001bdc   0x0000004a   Code   RO          695    i.USART_ITConfig    stm32f10x_usart.o
    0x08001c26   0x00000002   PAD
    0x08001c28   0x000000d8   Code   RO          696    i.USART_Init        stm32f10x_usart.o
    0x08001d00   0x0000000a   Code   RO          703    i.USART_ReceiveData  stm32f10x_usart.o
    0x08001d0a   0x00000008   Code   RO          706    i.USART_SendData    stm32f10x_usart.o
    0x08001d12   0x00000106   Code   RO         2255    i.USART_printf      esp8266_public.o
    0x08001e18   0x00000004   Code   RO          185    i.UsageFault_Handler  stm32f10x_it.o
    0x08001e1c   0x000000b8   Code   RO         2275    i.WIFI_ESP8266_Init  sta_tcpclent_test.o
    0x08001ed4   0x00000160   Code   RO         2276    i.WIFI_ESP8266_Send_Data  sta_tcpclent_test.o
    0x08002034   0x00000040   Code   RO         2339    i.WaitDataRDY       ad7190.o
    0x08002074   0x000000a4   Code   RO         2340    i.WriteToAD7190     ad7190.o
    0x08002118   0x00000020   Code   RO         2528    i.__0printf$3       mc_w.l(printf3.o)
    0x08002138   0x00000028   Code   RO         2530    i.__0sprintf$3      mc_w.l(printf3.o)
    0x08002160   0x00000028   Code   RO         2740    i.__ARM_fpclassify  m_ws.l(fpclassify.o)
    0x08002188   0x000000aa   Code   RO         2742    i.__kernel_poly     m_ws.l(poly.o)
    0x08002232   0x00000002   PAD
    0x08002234   0x00000010   Code   RO         2726    i.__mathlib_dbl_divzero  m_ws.l(dunder.o)
    0x08002244   0x00000004   Code   RO         2728    i.__mathlib_dbl_infnan2  m_ws.l(dunder.o)
    0x08002248   0x0000000c   Code   RO         2729    i.__mathlib_dbl_invalid  m_ws.l(dunder.o)
    0x08002254   0x0000000e   Code   RO         2730    i.__mathlib_dbl_overflow  m_ws.l(dunder.o)
    0x08002262   0x00000002   PAD
    0x08002264   0x00000010   Code   RO         2732    i.__mathlib_dbl_underflow  m_ws.l(dunder.o)
    0x08002274   0x0000000e   Code   RO         2806    i.__scatterload_copy  mc_w.l(handlers.o)
    0x08002282   0x00000002   Code   RO         2807    i.__scatterload_null  mc_w.l(handlers.o)
    0x08002284   0x0000000e   Code   RO         2808    i.__scatterload_zeroinit  mc_w.l(handlers.o)
    0x08002292   0x00000002   PAD
    0x08002294   0x0000000c   Code   RO         2780    i.__set_errno       mc_w.l(errno.o)
    0x080022a0   0x000001b8   Code   RO         2535    i._printf_core      mc_w.l(printf3.o)
    0x08002458   0x0000000a   Code   RO         2537    i._sputc            mc_w.l(printf3.o)
    0x08002462   0x00000002   PAD
    0x08002464   0x0000009c   Code   RO         2341    i.ad7190_Init       ad7190.o
    0x08002500   0x0000003c   Code   RO         1964    i.delay_init        delay.o
    0x0800253c   0x0000003c   Code   RO         1965    i.delay_ms          delay.o
    0x08002578   0x0000003c   Code   RO         1966    i.delay_us          delay.o
    0x080025b4   0x00000024   Code   RO         2303    i.fputc             usart.o
    0x080025d8   0x00000062   Code   RO         2256    i.itoa              esp8266_public.o
    0x0800263a   0x00000002   PAD
    0x0800263c   0x00000090   Code   RO            4    i.main              main.o
    0x080026cc   0x000009b8   Code   RO         2419    i.pow               m_ws.l(pow.o)
    0x08003084   0x0000004c   Code   RO         2746    i.sqrt              m_ws.l(sqrt.o)
    0x080030d0   0x00000190   Data   RO            6    .constdata          main.o
    0x08003260   0x00000088   Data   RO         2420    .constdata          m_ws.l(pow.o)
    0x080032e8   0x00000008   Data   RO         2744    .constdata          m_ws.l(qnan.o)
    0x080032f0   0x00000020   Data   RO         2804    Region$$Table       anon$$obj.o


    Execution Region RW_IRAM1 (Base: 0x20000000, Size: 0x00000850, Max: 0x00010000, ABSOLUTE)

    Base Addr    Size         Type   Attr      Idx    E Section Name        Object

    0x20000000   0x0000000c   Data   RW            7    .data               main.o
    0x2000000c   0x00000014   Data   RW          427    .data               stm32f10x_rcc.o
    0x20000020   0x00000004   Data   RW         1967    .data               delay.o
    0x20000024   0x00000002   Data   RW         2116    .data               bsp_adc.o
    0x20000026   0x00000002   PAD
    0x20000028   0x0000000c   Data   RW         2277    .data               sta_tcpclent_test.o
    0x20000034   0x00000010   Data   RW         2342    .data               ad7190.o
    0x20000044   0x00000004   Data   RW         2767    .data               mc_w.l(stdout.o)
    0x20000048   0x00000004   Data   RW         2781    .data               mc_w.l(errno.o)
    0x2000004c   0x00000402   Zero   RW         2156    .bss                esp8266_drive.o
    0x2000044e   0x00000002   PAD
    0x20000450   0x00000400   Zero   RW          251    STACK               startup_stm32f10x_hd.o


==============================================================================

Image component sizes


      Code (inc. data)   RO Data    RW Data    ZI Data      Debug   Object Name

       970         26          0         16          0       7204   ad7190.o
       288         18          0          2          0       1949   bsp_adc.o
       122          0          0          0          0        995   bsp_timbase.o
       180         16          0          4          0       1563   delay.o
      1076        332          0          0       1026       8048   esp8266_drive.o
       360          0          0          0          0       2491   esp8266_public.o
       144         20        400         12          0     263877   main.o
       172         22          0          0          0       2125   misc.o
       536        286          0         12          0       1761   sta_tcpclent_test.o
        36          8        304          0       1024        820   startup_stm32f10x_hd.o
       390         10          0          0          0       7485   stm32f10x_adc.o
       416          8          0          0          0       3486   stm32f10x_dma.o
       286          0          0          0          0     216920   stm32f10x_gpio.o
       274         58          0          0          0       4551   stm32f10x_it.o
       332         44          0         20          0       5629   stm32f10x_rcc.o
       252         42          0          0          0       4178   stm32f10x_tim.o
       460          6          0          0          0       6783   stm32f10x_usart.o
        42          0          0          0          0        465   sys.o
       328         28          0          0          0       1833   system_stm32f10x.o
       456         34          0          0          0       2259   usart.o

    ----------------------------------------------------------------------
      7140        958        736         68       2052     544422   Object Totals
         0          0         32          0          0          0   (incl. Generated)
        20          0          0          2          2          0   (incl. Padding)

    ----------------------------------------------------------------------

      Code (inc. data)   RO Data    RW Data    ZI Data      Debug   Library Member Name

        62         10          0          0          0        340   dunder.o
        40          0          0          0          0         68   fpclassify.o
       170          0          0          0          0         96   poly.o
      2488        190        136          0          0        300   pow.o
         0          0          8          0          0          0   qnan.o
        76          0          0          0          0         84   sqrt.o
         0          0          0          0          0          0   entry.o
         0          0          0          0          0          0   entry10a.o
         0          0          0          0          0          0   entry11a.o
         8          4          0          0          0          0   entry2.o
         4          0          0          0          0          0   entry5.o
         0          0          0          0          0          0   entry7b.o
         0          0          0          0          0          0   entry8b.o
         8          4          0          0          0          0   entry9a.o
        12          6          0          4          0         68   errno.o
        30          0          0          0          0          0   handlers.o
        36          8          0          0          0         68   init.o
         0          0          0          0          0          0   iusefp.o
        30          0          0          0          0         68   llshl.o
        36          0          0          0          0         68   llsshr.o
        32          0          0          0          0         68   llushr.o
        36          0          0          0          0         68   memcpya.o
        36          0          0          0          0        108   memseta.o
       522         20          0          0          0        336   printf3.o
         0          0          0          4          0          0   stdout.o
        36          0          0          0          0         80   strstr.o
        44          0          0          0          0         80   uidiv.o
        48          0          0          0          0         68   cdrcmple.o
       334          0          0          0          0        148   dadd.o
       222          0          0          0          0        100   ddiv.o
       186          0          0          0          0        176   depilogue.o
        50          0          0          0          0         76   dfixui.o
        34          0          0          0          0         76   dflti.o
        26          0          0          0          0         76   dfltui.o
       228          0          0          0          0         96   dmul.o
        46          0          0          0          0         80   dscalb.o
       162          0          0          0          0        100   dsqrt.o

    ----------------------------------------------------------------------
      5052        242        144          8          0       2896   Library Totals
        10          0          0          0          0          0   (incl. Padding)

    ----------------------------------------------------------------------

      Code (inc. data)   RO Data    RW Data    ZI Data      Debug   Library Name

      2836        200        144          0          0        888   m_ws.l
       870         42          0          8          0       1012   mc_w.l
      1336          0          0          0          0        996   mf_w.l

    ----------------------------------------------------------------------
      5052        242        144          8          0       2896   Library Totals

    ----------------------------------------------------------------------

==============================================================================


      Code (inc. data)   RO Data    RW Data    ZI Data      Debug   

     12192       1200        880         76       2052     541542   Grand Totals
     12192       1200        880         76       2052     541542   ELF Image Totals
     12192       1200        880         76          0          0   ROM Totals

==============================================================================

    Total RO  Size (Code + RO Data)                13072 (  12.77kB)
    Total RW  Size (RW Data + ZI Data)              2128 (   2.08kB)
    Total ROM Size (Code + RO Data + RW Data)      13148 (  12.84kB)

==============================================================================

