<html>
<body>
<pre>
<h1>µVision Build Log</h1>
<h2>Tool Versions:</h2>
IDE-Version: ¦ÌVision V5.14.0.0
Copyright (C) 2015 ARM Ltd and ARM Germany GmbH. All rights reserved.
License Information: liu jizheng, GDUT, LIC=KIV74-FTZLH-VGH7J-UR2ZR-1AVNJ-DED6I
 
Tool Versions:
Toolchain:       MDK-ARM Professional  Version: 5.14.0.0
Toolchain Path:  C:\Keil_v5\ARM\ARMCC\Bin
C Compiler:      Armcc.exe V5.05 update 1 (build 106)
Assembler:       Armasm.exe V5.05 update 1 (build 106)
Linker/Locator:  ArmLink.exe V5.05 update 1 (build 106)
Library Manager: ArmAr.exe V5.05 update 1 (build 106)
Hex Converter:   FromElf.exe V5.05 update 1 (build 106)
CPU DLL:         SARMCM3.DLL V5.14.0.0
Dialog DLL:      DCM.DLL V1.13.1.0
Target DLL:      Segger\JL2CM3.dll V2.99.13.0
Dialog DLL:      TCM.DLL V1.14.4.0
 
<h2>Project:</h2>
C:\Users\Liujizheng\Desktop\smart_pillow\Template.uvprojx
Project File Date:  04/07/2019

<h2>Output:</h2>
Build target 'Target 1'
compiling main.c...
User\main.c(45): warning:  #177-D: variable "x" was declared but never referenced
        int x;
User\main.c(83): warning:  #177-D: variable "tmp3" was declared but never referenced
        int tmp3 = 0;
User\main.c(84): warning:  #177-D: variable "tmp4" was declared but never referenced
        int tmp4 = 0;
User\main.c(85): warning:  #177-D: variable "tmp" was declared but never referenced
        unsigned char tmp = 0x50;
User\main.c(86): warning:  #177-D: variable "tmp2" was declared but never referenced
    unsigned char tmp2[3];
User\main.c: 5 warnings, 0 errors
linking...
Program Size: Code=8848 RO-data=480 RW-data=52 ZI-data=9124  
FromELF: creating hex file...
".\Obj\Template.axf" - 0 Error(s), 5 Warning(s).

<h2>Collection of Component include folders:</h2>
  C:\Users\Liujizheng\Desktop\smart_pillow\RTE
  C:\Keil_v5\ARM\PACK\Keil\STM32F1xx_DFP\1.0.5\Device\Include

<h2>Collection of Component Files used:</h2>
</pre>
</body>
</html>
